
> lapinoumath@1.0.0 test:coverage
> vitest --coverage --run


[1m[46m RUN [49m[22m [36mv4.0.10 [39m[90mC:/Users/lapin/OneDrive/Documents/Developpement/LapinouMath[39m
      [2mCoverage enabled with [22m[33mv8[39m

[90mstdout[2m | src/test/components/AdminPanel.test.tsx[2m > [22m[2mAdminPanel[2m > [22m[2mshould render admin panel
[22m[39mFiltre appliqu├®: {
  selectedLevel: [32m'ALL'[39m,
  selectedDomain: [32m'ALL'[39m,
  searchTerm: [32m''[39m,
  total: [33m0[39m
}
­ƒôï Questions charg├®es: [33m2[39m questions
­ƒöì Premiers IDs: [ [32m'q1'[39m, [32m'q2'[39m ]
­ƒôè Domaines uniques: [ [32m'Calcul mental'[39m, [32m'Arithm├®tique'[39m ]

[90mstdout[2m | src/test/components/AdminPanel.test.tsx[2m > [22m[2mAdminPanel[2m > [22m[2mshould render admin panel
[22m[39mFiltre appliqu├®: {
  selectedLevel: [32m'ALL'[39m,
  selectedDomain: [32m'ALL'[39m,
  searchTerm: [32m''[39m,
  total: [33m2[39m
}

[90mstdout[2m | src/test/components/AdminPanel.test.tsx[2m > [22m[2mAdminPanel[2m > [22m[2mshould load questions on mount
[22m[39mFiltre appliqu├®: {
  selectedLevel: [32m'ALL'[39m,
  selectedDomain: [32m'ALL'[39m,
  searchTerm: [32m''[39m,
  total: [33m0[39m
}
­ƒôï Questions charg├®es: [33m2[39m questions
­ƒöì Premiers IDs: [ [32m'q1'[39m, [32m'q2'[39m ]
­ƒôè Domaines uniques: [ [32m'Calcul mental'[39m, [32m'Arithm├®tique'[39m ]

[90mstdout[2m | src/test/components/AdminPanel.test.tsx[2m > [22m[2mAdminPanel[2m > [22m[2mshould load questions on mount
[22m[39mFiltre appliqu├®: {
  selectedLevel: [32m'ALL'[39m,
  selectedDomain: [32m'ALL'[39m,
  searchTerm: [32m''[39m,
  total: [33m2[39m
}

[90mstdout[2m | src/test/components/AdminPanel.test.tsx[2m > [22m[2mAdminPanel[2m > [22m[2mshould handle empty questions list
[22m[39mFiltre appliqu├®: {
  selectedLevel: [32m'ALL'[39m,
  selectedDomain: [32m'ALL'[39m,
  searchTerm: [32m''[39m,
  total: [33m0[39m
}
­ƒôï Questions charg├®es: [33m0[39m questions
­ƒöì Premiers IDs: []
­ƒôè Domaines uniques: []

[90mstdout[2m | src/test/components/AdminPanel.test.tsx[2m > [22m[2mAdminPanel[2m > [22m[2mshould handle empty questions list
[22m[39mFiltre appliqu├®: {
  selectedLevel: [32m'ALL'[39m,
  selectedDomain: [32m'ALL'[39m,
  searchTerm: [32m''[39m,
  total: [33m0[39m
}

[90mstdout[2m | src/test/components/AdminPanel.test.tsx[2m > [22m[2mAdminPanel[2m > [22m[2mshould filter questions by level
[22m[39mFiltre appliqu├®: {
  selectedLevel: [32m'ALL'[39m,
  selectedDomain: [32m'ALL'[39m,
  searchTerm: [32m''[39m,
  total: [33m0[39m
}
­ƒôï Questions charg├®es: [33m2[39m questions
­ƒöì Premiers IDs: [ [32m'q1'[39m, [32m'q2'[39m ]
­ƒôè Domaines uniques: [ [32m'Calcul mental'[39m, [32m'Arithm├®tique'[39m ]

[90mstdout[2m | src/test/components/AdminPanel.test.tsx[2m > [22m[2mAdminPanel[2m > [22m[2mshould filter questions by level
[22m[39mFiltre appliqu├®: {
  selectedLevel: [32m'ALL'[39m,
  selectedDomain: [32m'ALL'[39m,
  searchTerm: [32m''[39m,
  total: [33m2[39m
}

[90mstdout[2m | src/test/components/AdminPanel.test.tsx[2m > [22m[2mAdminPanel[2m > [22m[2mshould filter questions by domain
[22m[39mFiltre appliqu├®: {
  selectedLevel: [32m'ALL'[39m,
  selectedDomain: [32m'ALL'[39m,
  searchTerm: [32m''[39m,
  total: [33m0[39m
}
­ƒôï Questions charg├®es: [33m2[39m questions
­ƒöì Premiers IDs: [ [32m'q1'[39m, [32m'q2'[39m ]
­ƒôè Domaines uniques: [ [32m'Calcul mental'[39m, [32m'Arithm├®tique'[39m ]

[90mstdout[2m | src/test/components/AdminPanel.test.tsx[2m > [22m[2mAdminPanel[2m > [22m[2mshould filter questions by domain
[22m[39mFiltre appliqu├®: {
  selectedLevel: [32m'ALL'[39m,
  selectedDomain: [32m'ALL'[39m,
  searchTerm: [32m''[39m,
  total: [33m2[39m
}

[90mstdout[2m | src/test/components/AdminPanel.test.tsx[2m > [22m[2mAdminPanel[2m > [22m[2mshould handle search input
[22m[39mFiltre appliqu├®: {
  selectedLevel: [32m'ALL'[39m,
  selectedDomain: [32m'ALL'[39m,
  searchTerm: [32m''[39m,
  total: [33m0[39m
}
­ƒôï Questions charg├®es: [33m2[39m questions
­ƒöì Premiers IDs: [ [32m'q1'[39m, [32m'q2'[39m ]
­ƒôè Domaines uniques: [ [32m'Calcul mental'[39m, [32m'Arithm├®tique'[39m ]

[90mstdout[2m | src/test/components/AdminPanel.test.tsx[2m > [22m[2mAdminPanel[2m > [22m[2mshould handle search input
[22m[39mFiltre appliqu├®: {
  selectedLevel: [32m'ALL'[39m,
  selectedDomain: [32m'ALL'[39m,
  searchTerm: [32m''[39m,
  total: [33m2[39m
}

[90mstdout[2m | src/test/components/AdminPanel.test.tsx[2m > [22m[2mAdminPanel[2m > [22m[2mshould display filter controls
[22m[39mFiltre appliqu├®: {
  selectedLevel: [32m'ALL'[39m,
  selectedDomain: [32m'ALL'[39m,
  searchTerm: [32m''[39m,
  total: [33m0[39m
}
­ƒôï Questions charg├®es: [33m2[39m questions
­ƒöì Premiers IDs: [ [32m'q1'[39m, [32m'q2'[39m ]
­ƒôè Domaines uniques: [ [32m'Calcul mental'[39m, [32m'Arithm├®tique'[39m ]

[90mstdout[2m | src/test/components/AdminPanel.test.tsx[2m > [22m[2mAdminPanel[2m > [22m[2mshould display filter controls
[22m[39mFiltre appliqu├®: {
  selectedLevel: [32m'ALL'[39m,
  selectedDomain: [32m'ALL'[39m,
  searchTerm: [32m''[39m,
  total: [33m2[39m
}

[90mstdout[2m | src/test/components/AdminPanel.test.tsx[2m > [22m[2mAdminPanel[2m > [22m[2mshould render import/export tab
[22m[39mFiltre appliqu├®: {
  selectedLevel: [32m'ALL'[39m,
  selectedDomain: [32m'ALL'[39m,
  searchTerm: [32m''[39m,
  total: [33m0[39m
}
­ƒôï Questions charg├®es: [33m2[39m questions
­ƒöì Premiers IDs: [ [32m'q1'[39m, [32m'q2'[39m ]
­ƒôè Domaines uniques: [ [32m'Calcul mental'[39m, [32m'Arithm├®tique'[39m ]

[90mstdout[2m | src/test/components/AdminPanel.test.tsx[2m > [22m[2mAdminPanel[2m > [22m[2mshould render import/export tab
[22m[39mFiltre appliqu├®: {
  selectedLevel: [32m'ALL'[39m,
  selectedDomain: [32m'ALL'[39m,
  searchTerm: [32m''[39m,
  total: [33m2[39m
}

[90mstdout[2m | src/test/components/AdminPanel.test.tsx[2m > [22m[2mAdminPanel[2m > [22m[2mshould render error reports tab
[22m[39mFiltre appliqu├®: {
  selectedLevel: [32m'ALL'[39m,
  selectedDomain: [32m'ALL'[39m,
  searchTerm: [32m''[39m,
  total: [33m0[39m
}
­ƒôï Questions charg├®es: [33m2[39m questions
­ƒöì Premiers IDs: [ [32m'q1'[39m, [32m'q2'[39m ]
­ƒôè Domaines uniques: [ [32m'Calcul mental'[39m, [32m'Arithm├®tique'[39m ]

[90mstdout[2m | src/test/components/AdminPanel.test.tsx[2m > [22m[2mAdminPanel[2m > [22m[2mshould render error reports tab
[22m[39mFiltre appliqu├®: {
  selectedLevel: [32m'ALL'[39m,
  selectedDomain: [32m'ALL'[39m,
  searchTerm: [32m''[39m,
  total: [33m2[39m
}

node.exe : [90mstderr[2m | src/test/components/ErrorReportsTab.test.tsx[2m > [22m[2mErrorReportsTab[2m > 
[22m[2mrenders error reports tab
Au caractère Ligne:1 : 1
+ & "C:\Program Files\nodejs/node.exe" "C:\Program Files\nodejs/node_mo ...
+ ~~~~~~~~~~~~~~~~~~~~~~~~~~~~~~~~~~~~~~~~~~~~~~~~~~~~~~~~~~~~~~~~~~~~~
    + CategoryInfo          : NotSpecified: ([90mstderr[2m...ror reports tab:String) [], RemoteException
    + FullyQualifiedErrorId : NativeCommandError
 
[22m[39mWarning: An update to ErrorReportsTab inside a test was not wrapped in act(...).

When testing, code that causes React state updates should be wrapped into act(...):

act(() => {
  /* fire events that update state */
});
/* assert on the output */

This ensures that you're testing the behavior the user would see in the browser. Learn more at 
https://reactjs.org/link/wrap-tests-with-act
    at ErrorReportsTab 
(C:/Users/lapin/OneDrive/Documents/Developpement/LapinouMath/src/components/ErrorReportsTab.tsx:13:67)
Warning: An update to ErrorReportsTab inside a test was not wrapped in act(...).

When testing, code that causes React state updates should be wrapped into act(...):

act(() => {
  /* fire events that update state */
});
/* assert on the output */

This ensures that you're testing the behavior the user would see in the browser. Learn more at 
https://reactjs.org/link/wrap-tests-with-act
    at ErrorReportsTab 
(C:/Users/lapin/OneDrive/Documents/Developpement/LapinouMath/src/components/ErrorReportsTab.tsx:13:67)

[90mstdout[2m | src/test/components/AdminPanel.test.tsx[2m > [22m[2mAdminPanel[2m > [22m[2mshould accept onClose callback
[22m[39mFiltre appliqu├®: {
  selectedLevel: [32m'ALL'[39m,
  selectedDomain: [32m'ALL'[39m,
  searchTerm: [32m''[39m,
  total: [33m0[39m
}
­ƒôï Questions charg├®es: [33m2[39m questions
­ƒöì Premiers IDs: [ [32m'q1'[39m, [32m'q2'[39m ]
­ƒôè Domaines uniques: [ [32m'Calcul mental'[39m, [32m'Arithm├®tique'[39m ]

[90mstderr[2m | src/test/components/AdminPanel.test.tsx[2m > [22m[2mAdminPanel[2m > [22m[2mshould accept 
onClose callback
[22m[39mWarning: An update to AdminPanel inside a test was not wrapped in act(...).

When testing, code that causes React state updates should be wrapped into act(...):

act(() => {
  /* fire events that update state */
});
/* assert on the output */

This ensures that you're testing the behavior the user would see in the browser. Learn more at 
https://reactjs.org/link/wrap-tests-with-act
    at AdminPanel (C:/Users/lapin/OneDrive/Documents/Developpement/LapinouMath/src/components/AdminPanel.tsx:19:11)
Warning: An update to AdminPanel inside a test was not wrapped in act(...).

When testing, code that causes React state updates should be wrapped into act(...):

act(() => {
  /* fire events that update state */
});
/* assert on the output */

This ensures that you're testing the behavior the user would see in the browser. Learn more at 
https://reactjs.org/link/wrap-tests-with-act
    at AdminPanel (C:/Users/lapin/OneDrive/Documents/Developpement/LapinouMath/src/components/AdminPanel.tsx:19:11)

[90mstdout[2m | src/test/components/AdminPanel.test.tsx[2m > [22m[2mAdminPanel[2m > [22m[2mshould handle questions with properties
[22m[39mFiltre appliqu├®: {
  selectedLevel: [32m'ALL'[39m,
  selectedDomain: [32m'ALL'[39m,
  searchTerm: [32m''[39m,
  total: [33m0[39m
}
­ƒôï Questions charg├®es: [33m1[39m questions
­ƒöì Premiers IDs: [ [32m'detail-1'[39m ]
­ƒôè Domaines uniques: [ [32m'G├®om├®trie'[39m ]

[90mstdout[2m | src/test/components/AdminPanel.test.tsx[2m > [22m[2mAdminPanel[2m > [22m[2mshould handle questions with properties
[22m[39mFiltre appliqu├®: {
  selectedLevel: [32m'ALL'[39m,
  selectedDomain: [32m'ALL'[39m,
  searchTerm: [32m''[39m,
  total: [33m1[39m
}

[90mstdout[2m | src/test/components/AdminPanel.test.tsx[2m > [22m[2mAdminPanel[2m > [22m[2mshould apply multiple filters
[22m[39mFiltre appliqu├®: {
  selectedLevel: [32m'ALL'[39m,
  selectedDomain: [32m'ALL'[39m,
  searchTerm: [32m''[39m,
  total: [33m0[39m
}
­ƒôï Questions charg├®es: [33m2[39m questions
­ƒöì Premiers IDs: [ [32m'q1'[39m, [32m'q2'[39m ]
­ƒôè Domaines uniques: [ [32m'Calcul mental'[39m, [32m'Arithm├®tique'[39m ]

[90mstdout[2m | src/test/components/AdminPanel.test.tsx[2m > [22m[2mAdminPanel[2m > [22m[2mshould apply multiple filters
[22m[39mFiltre appliqu├®: {
  selectedLevel: [32m'ALL'[39m,
  selectedDomain: [32m'ALL'[39m,
  searchTerm: [32m''[39m,
  total: [33m2[39m
}

[90mstdout[2m | src/test/components/AdminPanel.test.tsx[2m > [22m[2mAdminPanel[2m > [22m[2mshould maintain state on rerender
[22m[39mFiltre appliqu├®: {
  selectedLevel: [32m'ALL'[39m,
  selectedDomain: [32m'ALL'[39m,
  searchTerm: [32m''[39m,
  total: [33m0[39m
}
­ƒôï Questions charg├®es: [33m2[39m questions
­ƒöì Premiers IDs: [ [32m'q1'[39m, [32m'q2'[39m ]
­ƒôè Domaines uniques: [ [32m'Calcul mental'[39m, [32m'Arithm├®tique'[39m ]

[90mstdout[2m | src/test/components/AdminPanel.test.tsx[2m > [22m[2mAdminPanel[2m > [22m[2mshould maintain state on rerender
[22m[39mFiltre appliqu├®: {
  selectedLevel: [32m'ALL'[39m,
  selectedDomain: [32m'ALL'[39m,
  searchTerm: [32m''[39m,
  total: [33m2[39m
}

[90mstdout[2m | src/test/components/AdminPanel.test.tsx[2m > [22m[2mAdminPanel[2m > [22m[2mshould handle large question lists
[22m[39mFiltre appliqu├®: {
  selectedLevel: [32m'ALL'[39m,
  selectedDomain: [32m'ALL'[39m,
  searchTerm: [32m''[39m,
  total: [33m0[39m
}
­ƒôï Questions charg├®es: [33m50[39m questions
­ƒöì Premiers IDs: [ [32m'q0'[39m, [32m'q1'[39m, [32m'q2'[39m, [32m'q3'[39m, [32m'q4'[39m ]
­ƒôè Domaines uniques: [ [32m'Calcul mental'[39m ]

[90mstderr[2m | src/test/components/ErrorReportsTab.test.tsx[2m > [22m[2mErrorReportsTab[2m > [22m[2mhandles 
report loading error gracefully
[22m[39mErreur lors du chargement des rapports: Error: Load failed
    at C:/Users/lapin/OneDrive/Documents/Developpement/LapinouMath/src/test/components/ErrorReportsTab.test.tsx:81:43
    at [90mfile:///C:/Users/lapin/OneDrive/Documents/Developpement/LapinouMath/[39mnode_modules/[4m@vitest/runner[2
4m/dist/index.js:157:11
    at [90mfile:///C:/Users/lapin/OneDrive/Documents/Developpement/LapinouMath/[39mnode_modules/[4m@vitest/runner[2
4m/dist/index.js:753:26
    at [90mfile:///C:/Users/lapin/OneDrive/Documents/Developpement/LapinouMath/[39mnode_modules/[4m@vitest/runner[2
4m/dist/index.js:1636:20
    at new Promise (<anonymous>)
    at runWithTimeout [90m(file:///C:/Users/lapin/OneDrive/Documents/Developpement/LapinouMath/[39mnode_modules/[4m@
vitest/runner[24m/dist/index.js:1602:10[90m)[39m
    at runTest [90m(file:///C:/Users/lapin/OneDrive/Documents/Developpement/LapinouMath/[39mnode_modules/[4m@vitest/
runner[24m/dist/index.js:1309:12[90m)[39m
    at runSuite [90m(file:///C:/Users/lapin/OneDrive/Documents/Developpement/LapinouMath/[39mnode_modules/[4m@vitest
/runner[24m/dist/index.js:1468:8[90m)[39m
    at runSuite [90m(file:///C:/Users/lapin/OneDrive/Documents/Developpement/LapinouMath/[39mnode_modules/[4m@vitest
/runner[24m/dist/index.js:1468:8[90m)[39m
    at runFiles [90m(file:///C:/Users/lapin/OneDrive/Documents/Developpement/LapinouMath/[39mnode_modules/[4m@vitest
/runner[24m/dist/index.js:1526:3[90m)[39m

[90mstdout[2m | src/test/components/AdminPanel.test.tsx[2m > [22m[2mAdminPanel[2m > [22m[2mshould handle large question lists
[22m[39mFiltre appliqu├®: {
  selectedLevel: [32m'ALL'[39m,
  selectedDomain: [32m'ALL'[39m,
  searchTerm: [32m''[39m,
  total: [33m50[39m
}

Not implemented: Window's alert() method
[90mstderr[2m | src/test/components/QuestionsImportExport.test.tsx[2m > [22m[2mQuestionsImportExport[2m > 
[22m[2mpasses questions to export function
[22m[39m[vitest] The vi.fn() mock did not use 'function' or 'class' in its implementation, see 
https://vitest.dev/api/vi#vi-spyon for examples.

[90mstdout[2m | src/test/components/AdminPanel.test.tsx[2m > [22m[2mAdminPanel[2m > [22m[2mshould not crash with mixed question types
[22m[39mFiltre appliqu├®: {
  selectedLevel: [32m'ALL'[39m,
  selectedDomain: [32m'ALL'[39m,
  searchTerm: [32m''[39m,
  total: [33m0[39m
}
­ƒôï Questions charg├®es: [33m2[39m questions
­ƒöì Premiers IDs: [ [32m'q1'[39m, [32m'q2'[39m ]
­ƒôè Domaines uniques: [ [32m'Calcul mental'[39m, [32m'Arithm├®tique'[39m ]

[90mstdout[2m | src/test/components/AdminPanel.test.tsx[2m > [22m[2mAdminPanel[2m > [22m[2mshould not crash with mixed question types
[22m[39mFiltre appliqu├®: {
  selectedLevel: [32m'ALL'[39m,
  selectedDomain: [32m'ALL'[39m,
  searchTerm: [32m''[39m,
  total: [33m2[39m
}

[90mstdout[2m | src/test/components/AdminPanel.test.tsx[2m > [22m[2mAdminPanel[2m > [22m[2mshould initialize without errors
[22m[39mFiltre appliqu├®: {
  selectedLevel: [32m'ALL'[39m,
  selectedDomain: [32m'ALL'[39m,
  searchTerm: [32m''[39m,
  total: [33m0[39m
}
­ƒôï Questions charg├®es: [33m2[39m questions
­ƒöì Premiers IDs: [ [32m'q1'[39m, [32m'q2'[39m ]
­ƒôè Domaines uniques: [ [32m'Calcul mental'[39m, [32m'Arithm├®tique'[39m ]

[90mstderr[2m | src/test/components/AdminPanel.test.tsx[2m > [22m[2mAdminPanel[2m > [22m[2mshould initialize 
without errors
[22m[39mWarning: An update to AdminPanel inside a test was not wrapped in act(...).

When testing, code that causes React state updates should be wrapped into act(...):

act(() => {
  /* fire events that update state */
});
/* assert on the output */

This ensures that you're testing the behavior the user would see in the browser. Learn more at 
https://reactjs.org/link/wrap-tests-with-act
    at AdminPanel (C:/Users/lapin/OneDrive/Documents/Developpement/LapinouMath/src/components/AdminPanel.tsx:19:11)
Warning: An update to AdminPanel inside a test was not wrapped in act(...).

When testing, code that causes React state updates should be wrapped into act(...):

act(() => {
  /* fire events that update state */
});
/* assert on the output */

This ensures that you're testing the behavior the user would see in the browser. Learn more at 
https://reactjs.org/link/wrap-tests-with-act
    at AdminPanel (C:/Users/lapin/OneDrive/Documents/Developpement/LapinouMath/src/components/AdminPanel.tsx:19:11)

[90mstdout[2m | src/test/components/AdminPanel.test.tsx[2m > [22m[2mAdminPanel[2m > [22m[2mshould handle all grade levels
[22m[39mFiltre appliqu├®: {
  selectedLevel: [32m'ALL'[39m,
  selectedDomain: [32m'ALL'[39m,
  searchTerm: [32m''[39m,
  total: [33m0[39m
}
­ƒôï Questions charg├®es: [33m2[39m questions
­ƒöì Premiers IDs: [ [32m'q1'[39m, [32m'q2'[39m ]
­ƒôè Domaines uniques: [ [32m'Calcul mental'[39m, [32m'Arithm├®tique'[39m ]

[90mstdout[2m | src/test/components/AdminPanel.test.tsx[2m > [22m[2mAdminPanel[2m > [22m[2mshould handle all grade levels
[22m[39mFiltre appliqu├®: {
  selectedLevel: [32m'ALL'[39m,
  selectedDomain: [32m'ALL'[39m,
  searchTerm: [32m''[39m,
  total: [33m2[39m
}

[90mstdout[2m | src/test/components/AdminPanel.test.tsx[2m > [22m[2mAdminPanel[2m > [22m[2mshould display questions tab
[22m[39mFiltre appliqu├®: {
  selectedLevel: [32m'ALL'[39m,
  selectedDomain: [32m'ALL'[39m,
  searchTerm: [32m''[39m,
  total: [33m0[39m
}
­ƒôï Questions charg├®es: [33m2[39m questions
­ƒöì Premiers IDs: [ [32m'q1'[39m, [32m'q2'[39m ]
­ƒôè Domaines uniques: [ [32m'Calcul mental'[39m, [32m'Arithm├®tique'[39m ]

[90mstdout[2m | src/test/components/AdminPanel.test.tsx[2m > [22m[2mAdminPanel[2m > [22m[2mshould display questions tab
[22m[39mFiltre appliqu├®: {
  selectedLevel: [32m'ALL'[39m,
  selectedDomain: [32m'ALL'[39m,
  searchTerm: [32m''[39m,
  total: [33m2[39m
}

[90mstdout[2m | src/test/components/AdminPanel.test.tsx[2m > [22m[2mAdminPanel[2m > [22m[2mshould support import/export functionality
[22m[39mFiltre appliqu├®: {
  selectedLevel: [32m'ALL'[39m,
  selectedDomain: [32m'ALL'[39m,
  searchTerm: [32m''[39m,
  total: [33m0[39m
}
­ƒôï Questions charg├®es: [33m2[39m questions
­ƒöì Premiers IDs: [ [32m'q1'[39m, [32m'q2'[39m ]
­ƒôè Domaines uniques: [ [32m'Calcul mental'[39m, [32m'Arithm├®tique'[39m ]

[90mstdout[2m | src/test/components/AdminPanel.test.tsx[2m > [22m[2mAdminPanel[2m > [22m[2mshould support import/export functionality
[22m[39mFiltre appliqu├®: {
  selectedLevel: [32m'ALL'[39m,
  selectedDomain: [32m'ALL'[39m,
  searchTerm: [32m''[39m,
  total: [33m2[39m
}

[90mstdout[2m | src/test/components/AdminPanel.test.tsx[2m > [22m[2mAdminPanel[2m > [22m[2mshould display error reports section
[22m[39mFiltre appliqu├®: {
  selectedLevel: [32m'ALL'[39m,
  selectedDomain: [32m'ALL'[39m,
  searchTerm: [32m''[39m,
  total: [33m0[39m
}
­ƒôï Questions charg├®es: [33m2[39m questions
­ƒöì Premiers IDs: [ [32m'q1'[39m, [32m'q2'[39m ]
­ƒôè Domaines uniques: [ [32m'Calcul mental'[39m, [32m'Arithm├®tique'[39m ]

[90mstdout[2m | src/test/components/AdminPanel.test.tsx[2m > [22m[2mAdminPanel[2m > [22m[2mshould display error reports section
[22m[39mFiltre appliqu├®: {
  selectedLevel: [32m'ALL'[39m,
  selectedDomain: [32m'ALL'[39m,
  searchTerm: [32m''[39m,
  total: [33m2[39m
}

[90mstdout[2m | src/test/components/AdminPanel.test.tsx[2m > [22m[2mAdminPanel[2m > [22m[2mshould handle multiple question filtering combinations
[22m[39mFiltre appliqu├®: {
  selectedLevel: [32m'ALL'[39m,
  selectedDomain: [32m'ALL'[39m,
  searchTerm: [32m''[39m,
  total: [33m0[39m
}
­ƒôï Questions charg├®es: [33m2[39m questions
­ƒöì Premiers IDs: [ [32m'q1'[39m, [32m'q2'[39m ]
­ƒôè Domaines uniques: [ [32m'Calcul mental'[39m, [32m'Arithm├®tique'[39m ]

[90mstdout[2m | src/test/components/AdminPanel.test.tsx[2m > [22m[2mAdminPanel[2m > [22m[2mshould handle multiple question filtering combinations
[22m[39mFiltre appliqu├®: {
  selectedLevel: [32m'ALL'[39m,
  selectedDomain: [32m'ALL'[39m,
  searchTerm: [32m''[39m,
  total: [33m2[39m
}

[90mstdout[2m | src/test/components/AdminPanel.test.tsx[2m > [22m[2mAdminPanel[2m > [22m[2mshould render admin interface completely
[22m[39mFiltre appliqu├®: {
  selectedLevel: [32m'ALL'[39m,
  selectedDomain: [32m'ALL'[39m,
  searchTerm: [32m''[39m,
  total: [33m0[39m
}
­ƒôï Questions charg├®es: [33m2[39m questions
­ƒöì Premiers IDs: [ [32m'q1'[39m, [32m'q2'[39m ]
­ƒôè Domaines uniques: [ [32m'Calcul mental'[39m, [32m'Arithm├®tique'[39m ]

[90mstdout[2m | src/test/components/AdminPanel.test.tsx[2m > [22m[2mAdminPanel[2m > [22m[2mshould render admin interface completely
[22m[39mFiltre appliqu├®: {
  selectedLevel: [32m'ALL'[39m,
  selectedDomain: [32m'ALL'[39m,
  searchTerm: [32m''[39m,
  total: [33m2[39m
}

[90mstdout[2m | src/test/components/AdminPanel.test.tsx[2m > [22m[2mAdminPanel[2m > [22m[2mshould accept close callback
[22m[39mFiltre appliqu├®: {
  selectedLevel: [32m'ALL'[39m,
  selectedDomain: [32m'ALL'[39m,
  searchTerm: [32m''[39m,
  total: [33m0[39m
}
­ƒôï Questions charg├®es: [33m2[39m questions
­ƒöì Premiers IDs: [ [32m'q1'[39m, [32m'q2'[39m ]
­ƒôè Domaines uniques: [ [32m'Calcul mental'[39m, [32m'Arithm├®tique'[39m ]

[90mstdout[2m | src/test/components/AdminPanel.test.tsx[2m > [22m[2mAdminPanel[2m > [22m[2mshould accept close callback
[22m[39mFiltre appliqu├®: {
  selectedLevel: [32m'ALL'[39m,
  selectedDomain: [32m'ALL'[39m,
  searchTerm: [32m''[39m,
  total: [33m2[39m
}

[90mstdout[2m | src/test/components/AdminPanel.test.tsx[2m > [22m[2mAdminPanel[2m > [22m[2mshould handle tab switching
[22m[39mFiltre appliqu├®: {
  selectedLevel: [32m'ALL'[39m,
  selectedDomain: [32m'ALL'[39m,
  searchTerm: [32m''[39m,
  total: [33m0[39m
}
­ƒôï Questions charg├®es: [33m2[39m questions
­ƒöì Premiers IDs: [ [32m'q1'[39m, [32m'q2'[39m ]
­ƒôè Domaines uniques: [ [32m'Calcul mental'[39m, [32m'Arithm├®tique'[39m ]

[90mstdout[2m | src/test/components/AdminPanel.test.tsx[2m > [22m[2mAdminPanel[2m > [22m[2mshould handle tab switching
[22m[39mFiltre appliqu├®: {
  selectedLevel: [32m'ALL'[39m,
  selectedDomain: [32m'ALL'[39m,
  searchTerm: [32m''[39m,
  total: [33m2[39m
}

[90mstdout[2m | src/test/components/AdminPanel.test.tsx[2m > [22m[2mAdminPanel[2m > [22m[2mshould initialize with questions tab open
[22m[39mFiltre appliqu├®: {
  selectedLevel: [32m'ALL'[39m,
  selectedDomain: [32m'ALL'[39m,
  searchTerm: [32m''[39m,
  total: [33m0[39m
}
­ƒôï Questions charg├®es: [33m2[39m questions
­ƒöì Premiers IDs: [ [32m'q1'[39m, [32m'q2'[39m ]
­ƒôè Domaines uniques: [ [32m'Calcul mental'[39m, [32m'Arithm├®tique'[39m ]

[90mstdout[2m | src/test/components/AdminPanel.test.tsx[2m > [22m[2mAdminPanel[2m > [22m[2mshould initialize with questions tab open
[22m[39mFiltre appliqu├®: {
  selectedLevel: [32m'ALL'[39m,
  selectedDomain: [32m'ALL'[39m,
  searchTerm: [32m''[39m,
  total: [33m2[39m
}

[90mstdout[2m | src/test/components/AdminPanel.test.tsx[2m > [22m[2mAdminPanel[2m > [22m[2mshould handle questions with different properties
[22m[39mFiltre appliqu├®: {
  selectedLevel: [32m'ALL'[39m,
  selectedDomain: [32m'ALL'[39m,
  searchTerm: [32m''[39m,
  total: [33m0[39m
}
­ƒôï Questions charg├®es: [33m2[39m questions
­ƒöì Premiers IDs: [ [32m'q1'[39m, [32m'q2'[39m ]
­ƒôè Domaines uniques: [ [32m'Calcul mental'[39m, [32m'G├®om├®trie'[39m ]

[90mstdout[2m | src/test/components/AdminPanel.test.tsx[2m > [22m[2mAdminPanel[2m > [22m[2mshould handle questions with different properties
[22m[39mFiltre appliqu├®: {
  selectedLevel: [32m'ALL'[39m,
  selectedDomain: [32m'ALL'[39m,
  searchTerm: [32m''[39m,
  total: [33m2[39m
}

[90mstdout[2m | src/test/components/AdminPanel.test.tsx[2m > [22m[2mAdminPanel[2m > [22m[2mshould support searching and filtering simultaneously
[22m[39mFiltre appliqu├®: {
  selectedLevel: [32m'ALL'[39m,
  selectedDomain: [32m'ALL'[39m,
  searchTerm: [32m''[39m,
  total: [33m0[39m
}
­ƒôï Questions charg├®es: [33m2[39m questions
­ƒöì Premiers IDs: [ [32m'q1'[39m, [32m'q2'[39m ]
­ƒôè Domaines uniques: [ [32m'Calcul mental'[39m, [32m'Arithm├®tique'[39m ]

[90mstdout[2m | src/test/components/AdminPanel.test.tsx[2m > [22m[2mAdminPanel[2m > [22m[2mshould support searching and filtering simultaneously
[22m[39mFiltre appliqu├®: {
  selectedLevel: [32m'ALL'[39m,
  selectedDomain: [32m'ALL'[39m,
  searchTerm: [32m''[39m,
  total: [33m2[39m
}

[90mstdout[2m | src/test/components/AdminPanel.test.tsx[2m > [22m[2mAdminPanel[2m > [22m[2mshould handle admin state changes
[22m[39mFiltre appliqu├®: {
  selectedLevel: [32m'ALL'[39m,
  selectedDomain: [32m'ALL'[39m,
  searchTerm: [32m''[39m,
  total: [33m0[39m
}
­ƒôï Questions charg├®es: [33m2[39m questions
­ƒöì Premiers IDs: [ [32m'q1'[39m, [32m'q2'[39m ]
­ƒôè Domaines uniques: [ [32m'Calcul mental'[39m, [32m'Arithm├®tique'[39m ]

[90mstdout[2m | src/test/components/AdminPanel.test.tsx[2m > [22m[2mAdminPanel[2m > [22m[2mshould handle admin state changes
[22m[39mFiltre appliqu├®: {
  selectedLevel: [32m'ALL'[39m,
  selectedDomain: [32m'ALL'[39m,
  searchTerm: [32m''[39m,
  total: [33m2[39m
}

[90mstdout[2m | src/test/components/AdminPanel.test.tsx[2m > [22m[2mAdminPanel[2m > [22m[2mshould process large datasets efficiently
[22m[39mFiltre appliqu├®: {
  selectedLevel: [32m'ALL'[39m,
  selectedDomain: [32m'ALL'[39m,
  searchTerm: [32m''[39m,
  total: [33m0[39m
}
­ƒôï Questions charg├®es: [33m100[39m questions
­ƒöì Premiers IDs: [ [32m'q0'[39m, [32m'q1'[39m, [32m'q2'[39m, [32m'q3'[39m, [32m'q4'[39m ]
­ƒôè Domaines uniques: [ [32m'Calcul mental'[39m ]

[90mstdout[2m | src/test/components/AdminPanel.test.tsx[2m > [22m[2mAdminPanel[2m > [22m[2mshould process large datasets efficiently
[22m[39mFiltre appliqu├®: {
  selectedLevel: [32m'ALL'[39m,
  selectedDomain: [32m'ALL'[39m,
  searchTerm: [32m''[39m,
  total: [33m100[39m
}

[90mstdout[2m | src/test/components/AdminPanel.test.tsx[2m > [22m[2mAdminPanel[2m > [22m[2mshould handle questions missing optional properties
[22m[39mFiltre appliqu├®: {
  selectedLevel: [32m'ALL'[39m,
  selectedDomain: [32m'ALL'[39m,
  searchTerm: [32m''[39m,
  total: [33m0[39m
}
­ƒôï Questions charg├®es: [33m1[39m questions
­ƒöì Premiers IDs: [ [32m'q1'[39m ]
­ƒôè Domaines uniques: [ [32m'Calcul mental'[39m ]

Not implemented: navigation to another Document
[90mstdout[2m | src/test/components/AdminPanel.test.tsx[2m > [22m[2mAdminPanel[2m > [22m[2mshould handle questions missing optional properties
[22m[39mFiltre appliqu├®: {
  selectedLevel: [32m'ALL'[39m,
  selectedDomain: [32m'ALL'[39m,
  searchTerm: [32m''[39m,
  total: [33m1[39m
}

[90mstdout[2m | src/test/components/AdminPanel.test.tsx[2m > [22m[2mAdminPanel[2m > [22m[2mshould persist panel state during operations
[22m[39mFiltre appliqu├®: {
  selectedLevel: [32m'ALL'[39m,
  selectedDomain: [32m'ALL'[39m,
  searchTerm: [32m''[39m,
  total: [33m0[39m
}
­ƒôï Questions charg├®es: [33m2[39m questions
­ƒöì Premiers IDs: [ [32m'q1'[39m, [32m'q2'[39m ]
­ƒôè Domaines uniques: [ [32m'Calcul mental'[39m, [32m'Arithm├®tique'[39m ]

[90mstdout[2m | src/test/components/AdminPanel.test.tsx[2m > [22m[2mAdminPanel[2m > [22m[2mshould persist panel state during operations
[22m[39mFiltre appliqu├®: {
  selectedLevel: [32m'ALL'[39m,
  selectedDomain: [32m'ALL'[39m,
  searchTerm: [32m''[39m,
  total: [33m2[39m
}

[90mstdout[2m | src/test/components/AdminPanel.test.tsx[2m > [22m[2mAdminPanel[2m > [22m[2mshould handle multiple rerenders gracefully
[22m[39mFiltre appliqu├®: {
  selectedLevel: [32m'ALL'[39m,
  selectedDomain: [32m'ALL'[39m,
  searchTerm: [32m''[39m,
  total: [33m0[39m
}
­ƒôï Questions charg├®es: [33m2[39m questions
­ƒöì Premiers IDs: [ [32m'q1'[39m, [32m'q2'[39m ]
­ƒôè Domaines uniques: [ [32m'Calcul mental'[39m, [32m'Arithm├®tique'[39m ]

[90mstdout[2m | src/test/components/AdminPanel.test.tsx[2m > [22m[2mAdminPanel[2m > [22m[2mshould handle multiple rerenders gracefully
[22m[39mFiltre appliqu├®: {
  selectedLevel: [32m'ALL'[39m,
  selectedDomain: [32m'ALL'[39m,
  searchTerm: [32m''[39m,
  total: [33m2[39m
}

[90mstdout[2m | src/test/components/AdminPanel.test.tsx[2m > [22m[2mAdminPanel[2m > [22m[2mshould render all required sections
[22m[39mFiltre appliqu├®: {
  selectedLevel: [32m'ALL'[39m,
  selectedDomain: [32m'ALL'[39m,
  searchTerm: [32m''[39m,
  total: [33m0[39m
}
­ƒôï Questions charg├®es: [33m2[39m questions
­ƒöì Premiers IDs: [ [32m'q1'[39m, [32m'q2'[39m ]
­ƒôè Domaines uniques: [ [32m'Calcul mental'[39m, [32m'Arithm├®tique'[39m ]

[90mstdout[2m | src/test/components/AdminPanel.test.tsx[2m > [22m[2mAdminPanel[2m > [22m[2mshould render all required sections
[22m[39mFiltre appliqu├®: {
  selectedLevel: [32m'ALL'[39m,
  selectedDomain: [32m'ALL'[39m,
  searchTerm: [32m''[39m,
  total: [33m2[39m
}

[90mstdout[2m | src/test/components/AdminPanel.test.tsx[2m > [22m[2mAdminPanel[2m > [22m[2mshould handle question filtering state
[22m[39mFiltre appliqu├®: {
  selectedLevel: [32m'ALL'[39m,
  selectedDomain: [32m'ALL'[39m,
  searchTerm: [32m''[39m,
  total: [33m0[39m
}
­ƒôï Questions charg├®es: [33m2[39m questions
­ƒöì Premiers IDs: [ [32m'q1'[39m, [32m'q2'[39m ]
­ƒôè Domaines uniques: [ [32m'Calcul mental'[39m, [32m'Arithm├®tique'[39m ]

[90mstdout[2m | src/test/components/AdminPanel.test.tsx[2m > [22m[2mAdminPanel[2m > [22m[2mshould handle question filtering state
[22m[39mFiltre appliqu├®: {
  selectedLevel: [32m'ALL'[39m,
  selectedDomain: [32m'ALL'[39m,
  searchTerm: [32m''[39m,
  total: [33m2[39m
}

[90mstdout[2m | src/test/components/AdminPanel.test.tsx[2m > [22m[2mAdminPanel[2m > [22m[2mshould support all grade levels for filtering
[22m[39mFiltre appliqu├®: {
  selectedLevel: [32m'ALL'[39m,
  selectedDomain: [32m'ALL'[39m,
  searchTerm: [32m''[39m,
  total: [33m0[39m
}
­ƒôï Questions charg├®es: [33m2[39m questions
­ƒöì Premiers IDs: [ [32m'q1'[39m, [32m'q2'[39m ]
­ƒôè Domaines uniques: [ [32m'Calcul mental'[39m, [32m'Arithm├®tique'[39m ]

[90mstdout[2m | src/test/components/AdminPanel.test.tsx[2m > [22m[2mAdminPanel[2m > [22m[2mshould support all grade levels for filtering
[22m[39mFiltre appliqu├®: {
  selectedLevel: [32m'ALL'[39m,
  selectedDomain: [32m'ALL'[39m,
  searchTerm: [32m''[39m,
  total: [33m2[39m
}

[90mstdout[2m | src/test/components/AdminPanel.test.tsx[2m > [22m[2mAdminPanel[2m > [22m[2mshould support all domains for filtering
[22m[39mFiltre appliqu├®: {
  selectedLevel: [32m'ALL'[39m,
  selectedDomain: [32m'ALL'[39m,
  searchTerm: [32m''[39m,
  total: [33m0[39m
}
­ƒôï Questions charg├®es: [33m2[39m questions
­ƒöì Premiers IDs: [ [32m'q1'[39m, [32m'q2'[39m ]
­ƒôè Domaines uniques: [ [32m'Calcul mental'[39m, [32m'Arithm├®tique'[39m ]

[90mstdout[2m | src/test/components/AdminPanel.test.tsx[2m > [22m[2mAdminPanel[2m > [22m[2mshould support all domains for filtering
[22m[39mFiltre appliqu├®: {
  selectedLevel: [32m'ALL'[39m,
  selectedDomain: [32m'ALL'[39m,
  searchTerm: [32m''[39m,
  total: [33m2[39m
}

[90mstdout[2m | src/test/components/AdminPanel.test.tsx[2m > [22m[2mAdminPanel[2m > [22m[2mshould handle rapid filter changes
[22m[39mFiltre appliqu├®: {
  selectedLevel: [32m'ALL'[39m,
  selectedDomain: [32m'ALL'[39m,
  searchTerm: [32m''[39m,
  total: [33m0[39m
}
­ƒôï Questions charg├®es: [33m2[39m questions
­ƒöì Premiers IDs: [ [32m'q1'[39m, [32m'q2'[39m ]
­ƒôè Domaines uniques: [ [32m'Calcul mental'[39m, [32m'Arithm├®tique'[39m ]

[90mstdout[2m | src/test/components/AdminPanel.test.tsx[2m > [22m[2mAdminPanel[2m > [22m[2mshould handle rapid filter changes
[22m[39mFiltre appliqu├®: {
  selectedLevel: [32m'ALL'[39m,
  selectedDomain: [32m'ALL'[39m,
  searchTerm: [32m''[39m,
  total: [33m2[39m
}

[90mstdout[2m | src/test/components/AdminPanel.test.tsx[2m > [22m[2mAdminPanel[2m > [22m[2mshould render interface with loading state
[22m[39mFiltre appliqu├®: {
  selectedLevel: [32m'ALL'[39m,
  selectedDomain: [32m'ALL'[39m,
  searchTerm: [32m''[39m,
  total: [33m0[39m
}
­ƒôï Questions charg├®es: [33m2[39m questions
­ƒöì Premiers IDs: [ [32m'q1'[39m, [32m'q2'[39m ]
­ƒôè Domaines uniques: [ [32m'Calcul mental'[39m, [32m'Arithm├®tique'[39m ]

[90mstdout[2m | src/test/components/AdminPanel.test.tsx[2m > [22m[2mAdminPanel[2m > [22m[2mshould render interface with loading state
[22m[39mFiltre appliqu├®: {
  selectedLevel: [32m'ALL'[39m,
  selectedDomain: [32m'ALL'[39m,
  searchTerm: [32m''[39m,
  total: [33m2[39m
}

[90mstdout[2m | src/test/components/AdminPanel.test.tsx[2m > [22m[2mAdminPanel[2m > [22m[2mshould handle data refresh
[22m[39mFiltre appliqu├®: {
  selectedLevel: [32m'ALL'[39m,
  selectedDomain: [32m'ALL'[39m,
  searchTerm: [32m''[39m,
  total: [33m0[39m
}
­ƒôï Questions charg├®es: [33m2[39m questions
­ƒöì Premiers IDs: [ [32m'q1'[39m, [32m'q2'[39m ]
­ƒôè Domaines uniques: [ [32m'Calcul mental'[39m, [32m'Arithm├®tique'[39m ]

[90mstdout[2m | src/test/components/AdminPanel.test.tsx[2m > [22m[2mAdminPanel[2m > [22m[2mshould handle data refresh
[22m[39mFiltre appliqu├®: {
  selectedLevel: [32m'ALL'[39m,
  selectedDomain: [32m'ALL'[39m,
  searchTerm: [32m''[39m,
  total: [33m2[39m
}

[90mstdout[2m | src/test/components/AdminPanel.test.tsx[2m > [22m[2mAdminPanel[2m > [22m[2mshould maintain consistent UI structure
[22m[39mFiltre appliqu├®: {
  selectedLevel: [32m'ALL'[39m,
  selectedDomain: [32m'ALL'[39m,
  searchTerm: [32m''[39m,
  total: [33m0[39m
}
­ƒôï Questions charg├®es: [33m2[39m questions
­ƒöì Premiers IDs: [ [32m'q1'[39m, [32m'q2'[39m ]
­ƒôè Domaines uniques: [ [32m'Calcul mental'[39m, [32m'Arithm├®tique'[39m ]

[90mstdout[2m | src/test/components/AdminPanel.test.tsx[2m > [22m[2mAdminPanel[2m > [22m[2mshould maintain consistent UI structure
[22m[39mFiltre appliqu├®: {
  selectedLevel: [32m'ALL'[39m,
  selectedDomain: [32m'ALL'[39m,
  searchTerm: [32m''[39m,
  total: [33m2[39m
}

[90mstdout[2m | src/test/components/AdminPanel.test.tsx[2m > [22m[2mAdminPanel[2m > [22m[2mshould be accessible with keyboard navigation
[22m[39mFiltre appliqu├®: {
  selectedLevel: [32m'ALL'[39m,
  selectedDomain: [32m'ALL'[39m,
  searchTerm: [32m''[39m,
  total: [33m0[39m
}
­ƒôï Questions charg├®es: [33m2[39m questions
­ƒöì Premiers IDs: [ [32m'q1'[39m, [32m'q2'[39m ]
­ƒôè Domaines uniques: [ [32m'Calcul mental'[39m, [32m'Arithm├®tique'[39m ]

[90mstdout[2m | src/test/components/AdminPanel.test.tsx[2m > [22m[2mAdminPanel[2m > [22m[2mshould be accessible with keyboard navigation
[22m[39mFiltre appliqu├®: {
  selectedLevel: [32m'ALL'[39m,
  selectedDomain: [32m'ALL'[39m,
  searchTerm: [32m''[39m,
  total: [33m2[39m
}

[90mstdout[2m | src/test/components/AdminPanel.test.tsx[2m > [22m[2mAdminPanel[2m > [22m[2mshould render without throwing errors
[22m[39mFiltre appliqu├®: {
  selectedLevel: [32m'ALL'[39m,
  selectedDomain: [32m'ALL'[39m,
  searchTerm: [32m''[39m,
  total: [33m0[39m
}
­ƒôï Questions charg├®es: [33m2[39m questions
­ƒöì Premiers IDs: [ [32m'q1'[39m, [32m'q2'[39m ]
­ƒôè Domaines uniques: [ [32m'Calcul mental'[39m, [32m'Arithm├®tique'[39m ]

[90mstderr[2m | src/test/components/AdminPanel.test.tsx[2m > [22m[2mAdminPanel[2m > [22m[2mshould render 
without throwing errors
[22m[39mWarning: An update to AdminPanel inside a test was not wrapped in act(...).

When testing, code that causes React state updates should be wrapped into act(...):

act(() => {
  /* fire events that update state */
});
/* assert on the output */

This ensures that you're testing the behavior the user would see in the browser. Learn more at 
https://reactjs.org/link/wrap-tests-with-act
    at AdminPanel (C:/Users/lapin/OneDrive/Documents/Developpement/LapinouMath/src/components/AdminPanel.tsx:19:11)
Warning: An update to AdminPanel inside a test was not wrapped in act(...).

When testing, code that causes React state updates should be wrapped into act(...):

act(() => {
  /* fire events that update state */
});
/* assert on the output */

This ensures that you're testing the behavior the user would see in the browser. Learn more at 
https://reactjs.org/link/wrap-tests-with-act
    at AdminPanel (C:/Users/lapin/OneDrive/Documents/Developpement/LapinouMath/src/components/AdminPanel.tsx:19:11)

[90mstdout[2m | src/test/components/AdminPanel.test.tsx[2m > [22m[2mAdminPanel[2m > [22m[2mshould handle questions with special characters
[22m[39mFiltre appliqu├®: {
  selectedLevel: [32m'ALL'[39m,
  selectedDomain: [32m'ALL'[39m,
  searchTerm: [32m''[39m,
  total: [33m0[39m
}
­ƒôï Questions charg├®es: [33m1[39m questions
­ƒöì Premiers IDs: [ [32m'q1'[39m ]
­ƒôè Domaines uniques: [ [32m'Calcul mental'[39m ]

[90mstdout[2m | src/test/components/AdminPanel.test.tsx[2m > [22m[2mAdminPanel[2m > [22m[2mshould handle questions with special characters
[22m[39mFiltre appliqu├®: {
  selectedLevel: [32m'ALL'[39m,
  selectedDomain: [32m'ALL'[39m,
  searchTerm: [32m''[39m,
  total: [33m1[39m
}

[90mstdout[2m | src/test/components/AdminPanel.test.tsx[2m > [22m[2mAdminPanel[2m > [22m[2mshould handle questions with long text
[22m[39mFiltre appliqu├®: {
  selectedLevel: [32m'ALL'[39m,
  selectedDomain: [32m'ALL'[39m,
  searchTerm: [32m''[39m,
  total: [33m0[39m
}
­ƒôï Questions charg├®es: [33m1[39m questions
­ƒöì Premiers IDs: [ [32m'q1'[39m ]
­ƒôè Domaines uniques: [ [32m'Probl├¿mes/Alg├¿bre'[39m ]

Not implemented: Window's alert() method
[90mstderr[2m | src/test/components/QuestionsImportExport.test.tsx[2m > [22m[2mQuestionsImportExport[2m > 
[22m[2mshould click export Excel button
[22m[39m[vitest] The vi.fn() mock did not use 'function' or 'class' in its implementation, see 
https://vitest.dev/api/vi#vi-spyon for examples.

[90mstdout[2m | src/test/components/AdminPanel.test.tsx[2m > [22m[2mAdminPanel[2m > [22m[2mshould handle questions with long text
[22m[39mFiltre appliqu├®: {
  selectedLevel: [32m'ALL'[39m,
  selectedDomain: [32m'ALL'[39m,
  searchTerm: [32m''[39m,
  total: [33m1[39m
}

[90mstdout[2m | src/test/components/AdminPanel.test.tsx[2m > [22m[2mAdminPanel[2m > [22m[2mshould support panel with many questions
[22m[39mFiltre appliqu├®: {
  selectedLevel: [32m'ALL'[39m,
  selectedDomain: [32m'ALL'[39m,
  searchTerm: [32m''[39m,
  total: [33m0[39m
}
­ƒôï Questions charg├®es: [33m50[39m questions
­ƒöì Premiers IDs: [ [32m'q0'[39m, [32m'q1'[39m, [32m'q2'[39m, [32m'q3'[39m, [32m'q4'[39m ]
­ƒôè Domaines uniques: [ [32m'Calcul mental'[39m, [32m'Arithm├®tique'[39m ]

Not implemented: Window's alert() method
Not implemented: Window's alert() method
Not implemented: Window's alert() method
[90mstderr[2m | src/test/components/QuestionsImportExport.test.tsx[2m > [22m[2mQuestionsImportExport[2m > 
[22m[2mshould handle multiple export attempts
[22m[39m[vitest] The vi.fn() mock did not use 'function' or 'class' in its implementation, see 
https://vitest.dev/api/vi#vi-spyon for examples.
[vitest] The vi.fn() mock did not use 'function' or 'class' in its implementation, see 
https://vitest.dev/api/vi#vi-spyon for examples.
[vitest] The vi.fn() mock did not use 'function' or 'class' in its implementation, see 
https://vitest.dev/api/vi#vi-spyon for examples.

Not implemented: Window's alert() method
[90mstderr[2m | src/test/components/QuestionsImportExport.test.tsx[2m > [22m[2mQuestionsImportExport[2m > 
[22m[2mshould handle clicking buttons consecutively
[22m[39m[vitest] The vi.fn() mock did not use 'function' or 'class' in its implementation, see 
https://vitest.dev/api/vi#vi-spyon for examples.

Not implemented: Window's alert() method
Not implemented: Window's alert() method
Not implemented: Window's alert() method
[90mstderr[2m | src/test/components/QuestionsImportExport.test.tsx[2m > [22m[2mQuestionsImportExport[2m > 
[22m[2mshould click export button multiple times
[22m[39m[vitest] The vi.fn() mock did not use 'function' or 'class' in its implementation, see 
https://vitest.dev/api/vi#vi-spyon for examples.
[vitest] The vi.fn() mock did not use 'function' or 'class' in its implementation, see 
https://vitest.dev/api/vi#vi-spyon for examples.
[vitest] The vi.fn() mock did not use 'function' or 'class' in its implementation, see 
https://vitest.dev/api/vi#vi-spyon for examples.

Not implemented: Window's alert() method
[90mstderr[2m | src/test/components/QuestionsImportExport.test.tsx[2m > [22m[2mQuestionsImportExport[2m > 
[22m[2mshould handle interacting with all export buttons
[22m[39m[vitest] The vi.fn() mock did not use 'function' or 'class' in its implementation, see 
https://vitest.dev/api/vi#vi-spyon for examples.

Not implemented: Window's alert() method
Not implemented: Window's alert() method
Not implemented: Window's alert() method
Not implemented: Window's alert() method
[90mstderr[2m | src/test/components/QuestionsImportExport.test.tsx[2m > [22m[2mQuestionsImportExport[2m > 
[22m[2mshould handle export with different question counts
[22m[39m[vitest] The vi.fn() mock did not use 'function' or 'class' in its implementation, see 
https://vitest.dev/api/vi#vi-spyon for examples.
[vitest] The vi.fn() mock did not use 'function' or 'class' in its implementation, see 
https://vitest.dev/api/vi#vi-spyon for examples.
[vitest] The vi.fn() mock did not use 'function' or 'class' in its implementation, see 
https://vitest.dev/api/vi#vi-spyon for examples.
[vitest] The vi.fn() mock did not use 'function' or 'class' in its implementation, see 
https://vitest.dev/api/vi#vi-spyon for examples.

[90mstdout[2m | src/test/components/AdminPanel.test.tsx[2m > [22m[2mAdminPanel[2m > [22m[2mshould support panel with many questions
[22m[39mFiltre appliqu├®: {
  selectedLevel: [32m'ALL'[39m,
  selectedDomain: [32m'ALL'[39m,
  searchTerm: [32m''[39m,
  total: [33m50[39m
}

[90mstdout[2m | src/test/components/AdminPanel.test.tsx[2m > [22m[2mAdminPanel[2m > [22m[2mshould switch to reports tab
[22m[39mFiltre appliqu├®: {
  selectedLevel: [32m'ALL'[39m,
  selectedDomain: [32m'ALL'[39m,
  searchTerm: [32m''[39m,
  total: [33m0[39m
}
­ƒôï Questions charg├®es: [33m2[39m questions
­ƒöì Premiers IDs: [ [32m'q1'[39m, [32m'q2'[39m ]
­ƒôè Domaines uniques: [ [32m'Calcul mental'[39m, [32m'Arithm├®tique'[39m ]

[90mstdout[2m | src/test/components/AdminPanel.test.tsx[2m > [22m[2mAdminPanel[2m > [22m[2mshould switch to reports tab
[22m[39mFiltre appliqu├®: {
  selectedLevel: [32m'ALL'[39m,
  selectedDomain: [32m'ALL'[39m,
  searchTerm: [32m''[39m,
  total: [33m2[39m
}

Not implemented: Window's alert() method
[90mstderr[2m | src/test/components/QuestionsImportExport.test.tsx[2m > [22m[2mQuestionsImportExport[2m > 
[22m[2mshould click buttons in sequence
[22m[39m[vitest] The vi.fn() mock did not use 'function' or 'class' in its implementation, see 
https://vitest.dev/api/vi#vi-spyon for examples.

Not implemented: navigation to another Document
Not implemented: navigation to another Document
Not implemented: navigation to another Document
Not implemented: navigation to another Document
Not implemented: navigation to another Document
[90mstdout[2m | src/test/components/AdminPanel.test.tsx[2m > [22m[2mAdminPanel[2m > [22m[2mshould filter by grade level
[22m[39mFiltre appliqu├®: {
  selectedLevel: [32m'ALL'[39m,
  selectedDomain: [32m'ALL'[39m,
  searchTerm: [32m''[39m,
  total: [33m0[39m
}
­ƒôï Questions charg├®es: [33m2[39m questions
­ƒöì Premiers IDs: [ [32m'q1'[39m, [32m'q2'[39m ]
­ƒôè Domaines uniques: [ [32m'Calcul mental'[39m, [32m'Arithm├®tique'[39m ]

[90mstdout[2m | src/test/components/AdminPanel.test.tsx[2m > [22m[2mAdminPanel[2m > [22m[2mshould filter by grade level
[22m[39mFiltre appliqu├®: {
  selectedLevel: [32m'ALL'[39m,
  selectedDomain: [32m'ALL'[39m,
  searchTerm: [32m''[39m,
  total: [33m2[39m
}

[90mstdout[2m | src/test/components/AdminPanel.test.tsx[2m > [22m[2mAdminPanel[2m > [22m[2mshould filter by grade level
[22m[39mFiltre appliqu├®: {
  selectedLevel: [32m'CE1'[39m,
  selectedDomain: [32m'ALL'[39m,
  searchTerm: [32m''[39m,
  total: [33m1[39m
}

[90mstdout[2m | src/test/components/AdminPanel.test.tsx[2m > [22m[2mAdminPanel[2m > [22m[2mshould filter by domain
[22m[39mFiltre appliqu├®: {
  selectedLevel: [32m'ALL'[39m,
  selectedDomain: [32m'ALL'[39m,
  searchTerm: [32m''[39m,
  total: [33m0[39m
}
­ƒôï Questions charg├®es: [33m2[39m questions
­ƒöì Premiers IDs: [ [32m'q1'[39m, [32m'q2'[39m ]
­ƒôè Domaines uniques: [ [32m'Calcul mental'[39m, [32m'Arithm├®tique'[39m ]

[90mstdout[2m | src/test/components/AdminPanel.test.tsx[2m > [22m[2mAdminPanel[2m > [22m[2mshould filter by domain
[22m[39mFiltre appliqu├®: {
  selectedLevel: [32m'ALL'[39m,
  selectedDomain: [32m'ALL'[39m,
  searchTerm: [32m''[39m,
  total: [33m2[39m
}

[90mstdout[2m | src/test/components/AdminPanel.test.tsx[2m > [22m[2mAdminPanel[2m > [22m[2mshould filter by domain
[22m[39mFiltre appliqu├®: {
  selectedLevel: [32m'ALL'[39m,
  selectedDomain: [32m'Calcul mental'[39m,
  searchTerm: [32m''[39m,
  total: [33m1[39m
}

[90mstdout[2m | src/test/components/AdminPanel.test.tsx[2m > [22m[2mAdminPanel[2m > [22m[2mshould handle search input
[22m[39mFiltre appliqu├®: {
  selectedLevel: [32m'ALL'[39m,
  selectedDomain: [32m'ALL'[39m,
  searchTerm: [32m''[39m,
  total: [33m0[39m
}
­ƒôï Questions charg├®es: [33m2[39m questions
­ƒöì Premiers IDs: [ [32m'q1'[39m, [32m'q2'[39m ]
­ƒôè Domaines uniques: [ [32m'Calcul mental'[39m, [32m'Arithm├®tique'[39m ]

[90mstdout[2m | src/test/components/AdminPanel.test.tsx[2m > [22m[2mAdminPanel[2m > [22m[2mshould handle search input
[22m[39mFiltre appliqu├®: {
  selectedLevel: [32m'ALL'[39m,
  selectedDomain: [32m'ALL'[39m,
  searchTerm: [32m''[39m,
  total: [33m2[39m
}

[90mstdout[2m | src/test/components/AdminPanel.test.tsx[2m > [22m[2mAdminPanel[2m > [22m[2mshould handle search input
[22m[39mFiltre appliqu├®: {
  selectedLevel: [32m'ALL'[39m,
  selectedDomain: [32m'ALL'[39m,
  searchTerm: [32m'test search'[39m,
  total: [33m0[39m
}

[90mstdout[2m | src/test/components/AdminPanel.test.tsx[2m > [22m[2mAdminPanel[2m > [22m[2mshould toggle correct only filter
[22m[39mFiltre appliqu├®: {
  selectedLevel: [32m'ALL'[39m,
  selectedDomain: [32m'ALL'[39m,
  searchTerm: [32m''[39m,
  total: [33m0[39m
}
­ƒôï Questions charg├®es: [33m2[39m questions
­ƒöì Premiers IDs: [ [32m'q1'[39m, [32m'q2'[39m ]
­ƒôè Domaines uniques: [ [32m'Calcul mental'[39m, [32m'Arithm├®tique'[39m ]

 [32mÔ£ô[39m src/test/components/QuestionsImportExport.test.tsx [2m([22m[2m57 tests[22m[2m)[22m[33m 1786[2mms[22m[39m
     [33m[2mÔ£ô[22m[39m renders export/import UI controls [33m 427[2mms[22m[39m
[90mstdout[2m | src/test/components/AdminPanel.test.tsx[2m > [22m[2mAdminPanel[2m > [22m[2mshould toggle correct only filter
[22m[39mFiltre appliqu├®: {
  selectedLevel: [32m'ALL'[39m,
  selectedDomain: [32m'ALL'[39m,
  searchTerm: [32m''[39m,
  total: [33m2[39m
}

[90mstdout[2m | src/test/components/AdminPanel.test.tsx[2m > [22m[2mAdminPanel[2m > [22m[2mshould call onClose when close button clicked
[22m[39mFiltre appliqu├®: {
  selectedLevel: [32m'ALL'[39m,
  selectedDomain: [32m'ALL'[39m,
  searchTerm: [32m''[39m,
  total: [33m0[39m
}
­ƒôï Questions charg├®es: [33m2[39m questions
­ƒöì Premiers IDs: [ [32m'q1'[39m, [32m'q2'[39m ]
­ƒôè Domaines uniques: [ [32m'Calcul mental'[39m, [32m'Arithm├®tique'[39m ]

[90mstdout[2m | src/test/components/AdminPanel.test.tsx[2m > [22m[2mAdminPanel[2m > [22m[2mshould call onClose when close button clicked
[22m[39mFiltre appliqu├®: {
  selectedLevel: [32m'ALL'[39m,
  selectedDomain: [32m'ALL'[39m,
  searchTerm: [32m''[39m,
  total: [33m2[39m
}

[90mstdout[2m | src/test/components/AdminPanel.test.tsx[2m > [22m[2mAdminPanel[2m > [22m[2mshould handle multiple filter combinations
[22m[39mFiltre appliqu├®: {
  selectedLevel: [32m'ALL'[39m,
  selectedDomain: [32m'ALL'[39m,
  searchTerm: [32m''[39m,
  total: [33m0[39m
}
­ƒôï Questions charg├®es: [33m2[39m questions
­ƒöì Premiers IDs: [ [32m'q1'[39m, [32m'q2'[39m ]
­ƒôè Domaines uniques: [ [32m'Calcul mental'[39m, [32m'Arithm├®tique'[39m ]

[90mstdout[2m | src/test/components/AdminPanel.test.tsx[2m > [22m[2mAdminPanel[2m > [22m[2mshould handle multiple filter combinations
[22m[39mFiltre appliqu├®: {
  selectedLevel: [32m'ALL'[39m,
  selectedDomain: [32m'ALL'[39m,
  searchTerm: [32m''[39m,
  total: [33m2[39m
}

[90mstdout[2m | src/test/components/AdminPanel.test.tsx[2m > [22m[2mAdminPanel[2m > [22m[2mshould handle multiple filter combinations
[22m[39mFiltre appliqu├®: {
  selectedLevel: [32m'CE1'[39m,
  selectedDomain: [32m'ALL'[39m,
  searchTerm: [32m''[39m,
  total: [33m1[39m
}
Filtre appliqu├®: {
  selectedLevel: [32m'CE1'[39m,
  selectedDomain: [32m'Calcul mental'[39m,
  searchTerm: [32m''[39m,
  total: [33m1[39m
}
Filtre appliqu├®: {
  selectedLevel: [32m'CE1'[39m,
  selectedDomain: [32m'Calcul mental'[39m,
  searchTerm: [32m'search'[39m,
  total: [33m0[39m
}

[90mstdout[2m | src/test/components/AdminPanel.test.tsx[2m > [22m[2mAdminPanel[2m > [22m[2mshould handle tab switching and filtering
[22m[39mFiltre appliqu├®: {
  selectedLevel: [32m'ALL'[39m,
  selectedDomain: [32m'ALL'[39m,
  searchTerm: [32m''[39m,
  total: [33m0[39m
}
­ƒôï Questions charg├®es: [33m2[39m questions
­ƒöì Premiers IDs: [ [32m'q1'[39m, [32m'q2'[39m ]
­ƒôè Domaines uniques: [ [32m'Calcul mental'[39m, [32m'Arithm├®tique'[39m ]

[90mstdout[2m | src/test/components/AdminPanel.test.tsx[2m > [22m[2mAdminPanel[2m > [22m[2mshould handle tab switching and filtering
[22m[39mFiltre appliqu├®: {
  selectedLevel: [32m'ALL'[39m,
  selectedDomain: [32m'ALL'[39m,
  searchTerm: [32m''[39m,
  total: [33m2[39m
}

[90mstdout[2m | src/test/components/AdminPanel.test.tsx[2m > [22m[2mAdminPanel[2m > [22m[2mshould handle checkbox and filter interactions
[22m[39mFiltre appliqu├®: {
  selectedLevel: [32m'ALL'[39m,
  selectedDomain: [32m'ALL'[39m,
  searchTerm: [32m''[39m,
  total: [33m0[39m
}
­ƒôï Questions charg├®es: [33m2[39m questions
­ƒöì Premiers IDs: [ [32m'q1'[39m, [32m'q2'[39m ]
­ƒôè Domaines uniques: [ [32m'Calcul mental'[39m, [32m'Arithm├®tique'[39m ]

[90mstdout[2m | src/test/components/AdminPanel.test.tsx[2m > [22m[2mAdminPanel[2m > [22m[2mshould handle checkbox and filter interactions
[22m[39mFiltre appliqu├®: {
  selectedLevel: [32m'ALL'[39m,
  selectedDomain: [32m'ALL'[39m,
  searchTerm: [32m''[39m,
  total: [33m2[39m
}

[90mstdout[2m | src/test/components/AdminPanel.test.tsx[2m > [22m[2mAdminPanel[2m > [22m[2mshould support quick filter resets
[22m[39mFiltre appliqu├®: {
  selectedLevel: [32m'ALL'[39m,
  selectedDomain: [32m'ALL'[39m,
  searchTerm: [32m''[39m,
  total: [33m0[39m
}
­ƒôï Questions charg├®es: [33m2[39m questions
­ƒöì Premiers IDs: [ [32m'q1'[39m, [32m'q2'[39m ]
­ƒôè Domaines uniques: [ [32m'Calcul mental'[39m, [32m'Arithm├®tique'[39m ]

[90mstdout[2m | src/test/components/AdminPanel.test.tsx[2m > [22m[2mAdminPanel[2m > [22m[2mshould support quick filter resets
[22m[39mFiltre appliqu├®: {
  selectedLevel: [32m'ALL'[39m,
  selectedDomain: [32m'ALL'[39m,
  searchTerm: [32m''[39m,
  total: [33m2[39m
}

[90mstdout[2m | src/test/components/AdminPanel.test.tsx[2m > [22m[2mAdminPanel[2m > [22m[2mshould support quick filter resets
[22m[39mFiltre appliqu├®: {
  selectedLevel: [32m'CM1'[39m,
  selectedDomain: [32m'ALL'[39m,
  searchTerm: [32m''[39m,
  total: [33m0[39m
}
Filtre appliqu├®: {
  selectedLevel: [32m'ALL'[39m,
  selectedDomain: [32m'ALL'[39m,
  searchTerm: [32m''[39m,
  total: [33m2[39m
}

[90mstdout[2m | src/test/components/AdminPanel.test.tsx[2m > [22m[2mAdminPanel[2m > [22m[2mshould handle rapid filter changes
[22m[39mFiltre appliqu├®: {
  selectedLevel: [32m'ALL'[39m,
  selectedDomain: [32m'ALL'[39m,
  searchTerm: [32m''[39m,
  total: [33m0[39m
}
­ƒôï Questions charg├®es: [33m2[39m questions
­ƒöì Premiers IDs: [ [32m'q1'[39m, [32m'q2'[39m ]
­ƒôè Domaines uniques: [ [32m'Calcul mental'[39m, [32m'Arithm├®tique'[39m ]

[90mstdout[2m | src/test/components/AdminPanel.test.tsx[2m > [22m[2mAdminPanel[2m > [22m[2mshould handle rapid filter changes
[22m[39mFiltre appliqu├®: {
  selectedLevel: [32m'ALL'[39m,
  selectedDomain: [32m'ALL'[39m,
  searchTerm: [32m''[39m,
  total: [33m2[39m
}

[90mstdout[2m | src/test/components/AdminPanel.test.tsx[2m > [22m[2mAdminPanel[2m > [22m[2mshould handle rapid filter changes
[22m[39mFiltre appliqu├®: {
  selectedLevel: [32m'CE1'[39m,
  selectedDomain: [32m'ALL'[39m,
  searchTerm: [32m''[39m,
  total: [33m1[39m
}
Filtre appliqu├®: {
  selectedLevel: [32m'CE2'[39m,
  selectedDomain: [32m'ALL'[39m,
  searchTerm: [32m''[39m,
  total: [33m1[39m
}
Filtre appliqu├®: {
  selectedLevel: [32m'CM1'[39m,
  selectedDomain: [32m'ALL'[39m,
  searchTerm: [32m''[39m,
  total: [33m0[39m
}
Filtre appliqu├®: {
  selectedLevel: [32m'ALL'[39m,
  selectedDomain: [32m'ALL'[39m,
  searchTerm: [32m''[39m,
  total: [33m2[39m
}

[90mstdout[2m | src/test/components/AdminPanel.test.tsx[2m > [22m[2mAdminPanel[2m > [22m[2mshould handle search with special characters
[22m[39mFiltre appliqu├®: {
  selectedLevel: [32m'ALL'[39m,
  selectedDomain: [32m'ALL'[39m,
  searchTerm: [32m''[39m,
  total: [33m0[39m
}
­ƒôï Questions charg├®es: [33m2[39m questions
­ƒöì Premiers IDs: [ [32m'q1'[39m, [32m'q2'[39m ]
­ƒôè Domaines uniques: [ [32m'Calcul mental'[39m, [32m'Arithm├®tique'[39m ]

[90mstdout[2m | src/test/components/AdminPanel.test.tsx[2m > [22m[2mAdminPanel[2m > [22m[2mshould handle search with special characters
[22m[39mFiltre appliqu├®: {
  selectedLevel: [32m'ALL'[39m,
  selectedDomain: [32m'ALL'[39m,
  searchTerm: [32m''[39m,
  total: [33m2[39m
}

[90mstdout[2m | src/test/components/AdminPanel.test.tsx[2m > [22m[2mAdminPanel[2m > [22m[2mshould handle search with special characters
[22m[39mFiltre appliqu├®: {
  selectedLevel: [32m'ALL'[39m,
  selectedDomain: [32m'ALL'[39m,
  searchTerm: [32m'test?&*'[39m,
  total: [33m0[39m
}
Filtre appliqu├®: {
  selectedLevel: [32m'ALL'[39m,
  selectedDomain: [32m'ALL'[39m,
  searchTerm: [32m''[39m,
  total: [33m2[39m
}

[90mstdout[2m | src/test/components/AdminPanel.test.tsx[2m > [22m[2mAdminPanel[2m > [22m[2mshould handle clearing all filters
[22m[39mFiltre appliqu├®: {
  selectedLevel: [32m'ALL'[39m,
  selectedDomain: [32m'ALL'[39m,
  searchTerm: [32m''[39m,
  total: [33m0[39m
}
­ƒôï Questions charg├®es: [33m2[39m questions
­ƒöì Premiers IDs: [ [32m'q1'[39m, [32m'q2'[39m ]
­ƒôè Domaines uniques: [ [32m'Calcul mental'[39m, [32m'Arithm├®tique'[39m ]

[90mstdout[2m | src/test/components/AdminPanel.test.tsx[2m > [22m[2mAdminPanel[2m > [22m[2mshould handle clearing all filters
[22m[39mFiltre appliqu├®: {
  selectedLevel: [32m'ALL'[39m,
  selectedDomain: [32m'ALL'[39m,
  searchTerm: [32m''[39m,
  total: [33m2[39m
}

[90mstdout[2m | src/test/components/AdminPanel.test.tsx[2m > [22m[2mAdminPanel[2m > [22m[2mshould handle clearing all filters
[22m[39mFiltre appliqu├®: {
  selectedLevel: [32m'CE1'[39m,
  selectedDomain: [32m'ALL'[39m,
  searchTerm: [32m''[39m,
  total: [33m1[39m
}
Filtre appliqu├®: {
  selectedLevel: [32m'CE1'[39m,
  selectedDomain: [32m'ALL'[39m,
  searchTerm: [32m'search'[39m,
  total: [33m0[39m
}
Filtre appliqu├®: {
  selectedLevel: [32m'ALL'[39m,
  selectedDomain: [32m'ALL'[39m,
  searchTerm: [32m'search'[39m,
  total: [33m0[39m
}
Filtre appliqu├®: {
  selectedLevel: [32m'ALL'[39m,
  selectedDomain: [32m'ALL'[39m,
  searchTerm: [32m''[39m,
  total: [33m2[39m
}

[90mstdout[2m | src/test/components/AdminPanel.test.tsx[2m > [22m[2mAdminPanel[2m > [22m[2mshould support domain and level filter combinations
[22m[39mFiltre appliqu├®: {
  selectedLevel: [32m'ALL'[39m,
  selectedDomain: [32m'ALL'[39m,
  searchTerm: [32m''[39m,
  total: [33m0[39m
}
­ƒôï Questions charg├®es: [33m2[39m questions
­ƒöì Premiers IDs: [ [32m'q1'[39m, [32m'q2'[39m ]
­ƒôè Domaines uniques: [ [32m'Calcul mental'[39m, [32m'Arithm├®tique'[39m ]

[90mstdout[2m | src/test/components/AdminPanel.test.tsx[2m > [22m[2mAdminPanel[2m > [22m[2mshould support domain and level filter combinations
[22m[39mFiltre appliqu├®: {
  selectedLevel: [32m'ALL'[39m,
  selectedDomain: [32m'ALL'[39m,
  searchTerm: [32m''[39m,
  total: [33m2[39m
}

[90mstdout[2m | src/test/components/AdminPanel.test.tsx[2m > [22m[2mAdminPanel[2m > [22m[2mshould support domain and level filter combinations
[22m[39mFiltre appliqu├®: {
  selectedLevel: [32m'CE1'[39m,
  selectedDomain: [32m'ALL'[39m,
  searchTerm: [32m''[39m,
  total: [33m1[39m
}
Filtre appliqu├®: {
  selectedLevel: [32m'CE1'[39m,
  selectedDomain: [32m'Arithm├®tique'[39m,
  searchTerm: [32m''[39m,
  total: [33m0[39m
}
Filtre appliqu├®: {
  selectedLevel: [32m'CM1'[39m,
  selectedDomain: [32m'Arithm├®tique'[39m,
  searchTerm: [32m''[39m,
  total: [33m0[39m
}
Filtre appliqu├®: {
  selectedLevel: [32m'CM1'[39m,
  selectedDomain: [32m'G├®om├®trie'[39m,
  searchTerm: [32m''[39m,
  total: [33m0[39m
}

Not implemented: navigation to another Document
[90mstdout[2m | src/test/components/AdminPanel.test.tsx[2m > [22m[2mAdminPanel[2m > [22m[2mshould render all filter controls
[22m[39mFiltre appliqu├®: {
  selectedLevel: [32m'ALL'[39m,
  selectedDomain: [32m'ALL'[39m,
  searchTerm: [32m''[39m,
  total: [33m0[39m
}
­ƒôï Questions charg├®es: [33m2[39m questions
­ƒöì Premiers IDs: [ [32m'q1'[39m, [32m'q2'[39m ]
­ƒôè Domaines uniques: [ [32m'Calcul mental'[39m, [32m'Arithm├®tique'[39m ]

[90mstdout[2m | src/test/components/AdminPanel.test.tsx[2m > [22m[2mAdminPanel[2m > [22m[2mshould render all filter controls
[22m[39mFiltre appliqu├®: {
  selectedLevel: [32m'ALL'[39m,
  selectedDomain: [32m'ALL'[39m,
  searchTerm: [32m''[39m,
  total: [33m2[39m
}

[90mstdout[2m | src/test/components/AdminPanel.test.tsx[2m > [22m[2mAdminPanel[2m > [22m[2mshould switch tabs and interact with reports
[22m[39mFiltre appliqu├®: {
  selectedLevel: [32m'ALL'[39m,
  selectedDomain: [32m'ALL'[39m,
  searchTerm: [32m''[39m,
  total: [33m0[39m
}
­ƒôï Questions charg├®es: [33m2[39m questions
­ƒöì Premiers IDs: [ [32m'q1'[39m, [32m'q2'[39m ]
­ƒôè Domaines uniques: [ [32m'Calcul mental'[39m, [32m'Arithm├®tique'[39m ]

[90mstdout[2m | src/test/components/AdminPanel.test.tsx[2m > [22m[2mAdminPanel[2m > [22m[2mshould switch tabs and interact with reports
[22m[39mFiltre appliqu├®: {
  selectedLevel: [32m'ALL'[39m,
  selectedDomain: [32m'ALL'[39m,
  searchTerm: [32m''[39m,
  total: [33m2[39m
}

[90mstdout[2m | src/test/components/AdminPanel.test.tsx[2m > [22m[2mAdminPanel[2m > [22m[2mshould handle level filter change multiple times
[22m[39mFiltre appliqu├®: {
  selectedLevel: [32m'ALL'[39m,
  selectedDomain: [32m'ALL'[39m,
  searchTerm: [32m''[39m,
  total: [33m0[39m
}
­ƒôï Questions charg├®es: [33m2[39m questions
­ƒöì Premiers IDs: [ [32m'q1'[39m, [32m'q2'[39m ]
­ƒôè Domaines uniques: [ [32m'Calcul mental'[39m, [32m'Arithm├®tique'[39m ]

[90mstdout[2m | src/test/components/AdminPanel.test.tsx[2m > [22m[2mAdminPanel[2m > [22m[2mshould handle level filter change multiple times
[22m[39mFiltre appliqu├®: {
  selectedLevel: [32m'ALL'[39m,
  selectedDomain: [32m'ALL'[39m,
  searchTerm: [32m''[39m,
  total: [33m2[39m
}

[90mstderr[2m | src/test/components/ErrorReportsTab.test.tsx[2m > [22m[2mErrorReportsTab[2m > [22m[2mshould 
handle rapid button clicks
[22m[39mErreur lors de l'envoi: TypeError: Cannot read properties of undefined (reading 'level')
    at C:/Users/lapin/OneDrive/Documents/Developpement/LapinouMath/src/components/ErrorReportsTab.tsx:89:15
    at Array.map (<anonymous>)
    at sendReportsViaEmail 
(C:/Users/lapin/OneDrive/Documents/Developpement/LapinouMath/src/components/ErrorReportsTab.tsx:87:40)
    at HTMLUnknownElement.callCallback [90m(C:\Users\lapin\OneDrive\Documents\Developpement\LapinouMath\[39mnode_modu
les\[4mreact-dom[24m\cjs\react-dom.development.js:4164:14[90m)[39m
    at HTMLUnknownElement.callTheUserObjectsOperation [90m(C:\Users\lapin\OneDrive\Documents\Developpement\LapinouMath
\[39mnode_modules\[4mjsdom[24m\lib\jsdom\living\generated\EventListener.js:26:30[90m)[39m
    at innerInvokeEventListeners [90m(C:\Users\lapin\OneDrive\Documents\Developpement\LapinouMath\[39mnode_modules\[
4mjsdom[24m\lib\jsdom\living\events\EventTarget-impl.js:360:16[90m)[39m
    at invokeEventListeners [90m(C:\Users\lapin\OneDrive\Documents\Developpement\LapinouMath\[39mnode_modules\[4mjsd
om[24m\lib\jsdom\living\events\EventTarget-impl.js:296:3[90m)[39m
    at HTMLUnknownElementImpl._dispatch [90m(C:\Users\lapin\OneDrive\Documents\Developpement\LapinouMath\[39mnode_mod
ules\[4mjsdom[24m\lib\jsdom\living\events\EventTarget-impl.js:243:9[90m)[39m
    at HTMLUnknownElementImpl.dispatchEvent [90m(C:\Users\lapin\OneDrive\Documents\Developpement\LapinouMath\[39mnode
_modules\[4mjsdom[24m\lib\jsdom\living\events\EventTarget-impl.js:114:17[90m)[39m
    at HTMLUnknownElement.dispatchEvent [90m(C:\Users\lapin\OneDrive\Documents\Developpement\LapinouMath\[39mnode_mod
ules\[4mjsdom[24m\lib\jsdom\living\generated\EventTarget.js:241:34[90m)[39m

[90mstderr[2m | src/test/components/ErrorReportsTab.test.tsx[2m > [22m[2mErrorReportsTab[2m > [22m[2mshould 
handle rapid button clicks
[22m[39mWarning: An update to ErrorReportsTab inside a test was not wrapped in act(...).

When testing, code that causes React state updates should be wrapped into act(...):

act(() => {
  /* fire events that update state */
});
/* assert on the output */

This ensures that you're testing the behavior the user would see in the browser. Learn more at 
https://reactjs.org/link/wrap-tests-with-act
    at ErrorReportsTab 
(C:/Users/lapin/OneDrive/Documents/Developpement/LapinouMath/src/components/ErrorReportsTab.tsx:13:67)

[90mstderr[2m | src/test/components/App.test.tsx[2m > [22m[2mApp Component[2m > [22m[2mrecovers from database 
initialization error
[22m[39mÔØî Erreur initialisation: Error: DB Error
    at C:/Users/lapin/OneDrive/Documents/Developpement/LapinouMath/src/test/components/App.test.tsx:151:38
    at [90mfile:///C:/Users/lapin/OneDrive/Documents/Developpement/LapinouMath/[39mnode_modules/[4m@vitest/runner[2
4m/dist/index.js:157:11
    at [90mfile:///C:/Users/lapin/OneDrive/Documents/Developpement/LapinouMath/[39mnode_modules/[4m@vitest/runner[2
4m/dist/index.js:753:26
    at [90mfile:///C:/Users/lapin/OneDrive/Documents/Developpement/LapinouMath/[39mnode_modules/[4m@vitest/runner[2
4m/dist/index.js:1636:20
    at new Promise (<anonymous>)
    at runWithTimeout [90m(file:///C:/Users/lapin/OneDrive/Documents/Developpement/LapinouMath/[39mnode_modules/[4m@
vitest/runner[24m/dist/index.js:1602:10[90m)[39m
    at runTest [90m(file:///C:/Users/lapin/OneDrive/Documents/Developpement/LapinouMath/[39mnode_modules/[4m@vitest/
runner[24m/dist/index.js:1309:12[90m)[39m
    at runSuite [90m(file:///C:/Users/lapin/OneDrive/Documents/Developpement/LapinouMath/[39mnode_modules/[4m@vitest
/runner[24m/dist/index.js:1468:8[90m)[39m
    at runSuite [90m(file:///C:/Users/lapin/OneDrive/Documents/Developpement/LapinouMath/[39mnode_modules/[4m@vitest
/runner[24m/dist/index.js:1468:8[90m)[39m
    at runFiles [90m(file:///C:/Users/lapin/OneDrive/Documents/Developpement/LapinouMath/[39mnode_modules/[4m@vitest
/runner[24m/dist/index.js:1526:3[90m)[39m

[90mstderr[2m | src/test/components/App.test.tsx[2m > [22m[2mApp Component[2m > [22m[2mrecovers from question 
initialization error
[22m[39mÔØî Erreur initialisation: Error: Questions Error
    at C:/Users/lapin/OneDrive/Documents/Developpement/LapinouMath/src/test/components/App.test.tsx:159:51
    at [90mfile:///C:/Users/lapin/OneDrive/Documents/Developpement/LapinouMath/[39mnode_modules/[4m@vitest/runner[2
4m/dist/index.js:157:11
    at [90mfile:///C:/Users/lapin/OneDrive/Documents/Developpement/LapinouMath/[39mnode_modules/[4m@vitest/runner[2
4m/dist/index.js:753:26
    at [90mfile:///C:/Users/lapin/OneDrive/Documents/Developpement/LapinouMath/[39mnode_modules/[4m@vitest/runner[2
4m/dist/index.js:1636:20
    at new Promise (<anonymous>)
    at runWithTimeout [90m(file:///C:/Users/lapin/OneDrive/Documents/Developpement/LapinouMath/[39mnode_modules/[4m@
vitest/runner[24m/dist/index.js:1602:10[90m)[39m
    at runTest [90m(file:///C:/Users/lapin/OneDrive/Documents/Developpement/LapinouMath/[39mnode_modules/[4m@vitest/
runner[24m/dist/index.js:1309:12[90m)[39m
    at runSuite [90m(file:///C:/Users/lapin/OneDrive/Documents/Developpement/LapinouMath/[39mnode_modules/[4m@vitest
/runner[24m/dist/index.js:1468:8[90m)[39m
    at runSuite [90m(file:///C:/Users/lapin/OneDrive/Documents/Developpement/LapinouMath/[39mnode_modules/[4m@vitest
/runner[24m/dist/index.js:1468:8[90m)[39m
    at runFiles [90m(file:///C:/Users/lapin/OneDrive/Documents/Developpement/LapinouMath/[39mnode_modules/[4m@vitest
/runner[24m/dist/index.js:1526:3[90m)[39m

[90mstderr[2m | src/test/components/ErrorReportsTab.test.tsx[2m > [22m[2mErrorReportsTab[2m > [22m[2mshould 
handle rapid button clicks
[22m[39mWarning: An update to ErrorReportsTab inside a test was not wrapped in act(...).

When testing, code that causes React state updates should be wrapped into act(...):

act(() => {
  /* fire events that update state */
});
/* assert on the output */

This ensures that you're testing the behavior the user would see in the browser. Learn more at 
https://reactjs.org/link/wrap-tests-with-act
    at ErrorReportsTab 
(C:/Users/lapin/OneDrive/Documents/Developpement/LapinouMath/src/components/ErrorReportsTab.tsx:13:67)
Warning: An update to ErrorReportsTab inside a test was not wrapped in act(...).

When testing, code that causes React state updates should be wrapped into act(...):

act(() => {
  /* fire events that update state */
});
/* assert on the output */

This ensures that you're testing the behavior the user would see in the browser. Learn more at 
https://reactjs.org/link/wrap-tests-with-act
    at ErrorReportsTab 
(C:/Users/lapin/OneDrive/Documents/Developpement/LapinouMath/src/components/ErrorReportsTab.tsx:13:67)

[90mstderr[2m | src/test/components/ErrorReportsTab.test.tsx[2m > [22m[2mErrorReportsTab[2m > [22m[2mshould 
handle rapid button clicks
[22m[39mWarning: An update to ErrorReportsTab inside a test was not wrapped in act(...).

When testing, code that causes React state updates should be wrapped into act(...):

act(() => {
  /* fire events that update state */
});
/* assert on the output */

This ensures that you're testing the behavior the user would see in the browser. Learn more at 
https://reactjs.org/link/wrap-tests-with-act
    at ErrorReportsTab 
(C:/Users/lapin/OneDrive/Documents/Developpement/LapinouMath/src/components/ErrorReportsTab.tsx:13:67)
Warning: An update to ErrorReportsTab inside a test was not wrapped in act(...).

When testing, code that causes React state updates should be wrapped into act(...):

act(() => {
  /* fire events that update state */
});
/* assert on the output */

This ensures that you're testing the behavior the user would see in the browser. Learn more at 
https://reactjs.org/link/wrap-tests-with-act
    at ErrorReportsTab 
(C:/Users/lapin/OneDrive/Documents/Developpement/LapinouMath/src/components/ErrorReportsTab.tsx:13:67)
Warning: An update to ErrorReportsTab inside a test was not wrapped in act(...).

When testing, code that causes React state updates should be wrapped into act(...):

act(() => {
  /* fire events that update state */
});
/* assert on the output */

This ensures that you're testing the behavior the user would see in the browser. Learn more at 
https://reactjs.org/link/wrap-tests-with-act
    at ErrorReportsTab 
(C:/Users/lapin/OneDrive/Documents/Developpement/LapinouMath/src/components/ErrorReportsTab.tsx:13:67)

Not implemented: navigation to another Document
Not implemented: navigation to another Document
[90mstdout[2m | src/test/components/AdminPanel.test.tsx[2m > [22m[2mAdminPanel[2m > [22m[2mshould handle level filter change multiple times
[22m[39mFiltre appliqu├®: {
  selectedLevel: [32m'CE1'[39m,
  selectedDomain: [32m'ALL'[39m,
  searchTerm: [32m''[39m,
  total: [33m1[39m
}
Filtre appliqu├®: {
  selectedLevel: [32m'CE2'[39m,
  selectedDomain: [32m'ALL'[39m,
  searchTerm: [32m''[39m,
  total: [33m1[39m
}
Filtre appliqu├®: {
  selectedLevel: [32m'CM1'[39m,
  selectedDomain: [32m'ALL'[39m,
  searchTerm: [32m''[39m,
  total: [33m0[39m
}
Filtre appliqu├®: {
  selectedLevel: [32m'CM2'[39m,
  selectedDomain: [32m'ALL'[39m,
  searchTerm: [32m''[39m,
  total: [33m0[39m
}
Filtre appliqu├®: {
  selectedLevel: [32m'ALL'[39m,
  selectedDomain: [32m'ALL'[39m,
  searchTerm: [32m''[39m,
  total: [33m2[39m
}

[90mstderr[2m | src/test/components/ErrorReportsTab.test.tsx[2m > [22m[2mErrorReportsTab[2m > [22m[2mshould 
interact with select all and delete buttons
[22m[39mWarning: An update to ErrorReportsTab inside a test was not wrapped in act(...).

When testing, code that causes React state updates should be wrapped into act(...):

act(() => {
  /* fire events that update state */
});
/* assert on the output */

This ensures that you're testing the behavior the user would see in the browser. Learn more at 
https://reactjs.org/link/wrap-tests-with-act
    at ErrorReportsTab 
(C:/Users/lapin/OneDrive/Documents/Developpement/LapinouMath/src/components/ErrorReportsTab.tsx:13:67)

[90mstderr[2m | src/test/components/ErrorReportsTab.test.tsx[2m > [22m[2mErrorReportsTab[2m > [22m[2mshould 
interact with select all and delete buttons
[22m[39mWarning: An update to ErrorReportsTab inside a test was not wrapped in act(...).

When testing, code that causes React state updates should be wrapped into act(...):

act(() => {
  /* fire events that update state */
});
/* assert on the output */

This ensures that you're testing the behavior the user would see in the browser. Learn more at 
https://reactjs.org/link/wrap-tests-with-act
    at ErrorReportsTab 
(C:/Users/lapin/OneDrive/Documents/Developpement/LapinouMath/src/components/ErrorReportsTab.tsx:13:67)
Warning: An update to ErrorReportsTab inside a test was not wrapped in act(...).

When testing, code that causes React state updates should be wrapped into act(...):

act(() => {
  /* fire events that update state */
});
/* assert on the output */

This ensures that you're testing the behavior the user would see in the browser. Learn more at 
https://reactjs.org/link/wrap-tests-with-act
    at ErrorReportsTab 
(C:/Users/lapin/OneDrive/Documents/Developpement/LapinouMath/src/components/ErrorReportsTab.tsx:13:67)

[90mstdout[2m | src/test/components/AdminPanel.test.tsx[2m > [22m[2mAdminPanel[2m > [22m[2mshould handle domain filter with all options
[22m[39mFiltre appliqu├®: {
  selectedLevel: [32m'ALL'[39m,
  selectedDomain: [32m'ALL'[39m,
  searchTerm: [32m''[39m,
  total: [33m0[39m
}
­ƒôï Questions charg├®es: [33m2[39m questions
­ƒöì Premiers IDs: [ [32m'q1'[39m, [32m'q2'[39m ]
­ƒôè Domaines uniques: [ [32m'Calcul mental'[39m, [32m'Arithm├®tique'[39m ]

[90mstderr[2m | src/test/components/ErrorReportsTab.test.tsx[2m > [22m[2mErrorReportsTab[2m > [22m[2mshould 
interact with select all and delete buttons
[22m[39mWarning: An update to ErrorReportsTab inside a test was not wrapped in act(...).

When testing, code that causes React state updates should be wrapped into act(...):

act(() => {
  /* fire events that update state */
});
/* assert on the output */

This ensures that you're testing the behavior the user would see in the browser. Learn more at 
https://reactjs.org/link/wrap-tests-with-act
    at ErrorReportsTab 
(C:/Users/lapin/OneDrive/Documents/Developpement/LapinouMath/src/components/ErrorReportsTab.tsx:13:67)
Warning: An update to ErrorReportsTab inside a test was not wrapped in act(...).

When testing, code that causes React state updates should be wrapped into act(...):

act(() => {
  /* fire events that update state */
});
/* assert on the output */

This ensures that you're testing the behavior the user would see in the browser. Learn more at 
https://reactjs.org/link/wrap-tests-with-act
    at ErrorReportsTab 
(C:/Users/lapin/OneDrive/Documents/Developpement/LapinouMath/src/components/ErrorReportsTab.tsx:13:67)
Warning: An update to ErrorReportsTab inside a test was not wrapped in act(...).

When testing, code that causes React state updates should be wrapped into act(...):

act(() => {
  /* fire events that update state */
});
/* assert on the output */

This ensures that you're testing the behavior the user would see in the browser. Learn more at 
https://reactjs.org/link/wrap-tests-with-act
    at ErrorReportsTab 
(C:/Users/lapin/OneDrive/Documents/Developpement/LapinouMath/src/components/ErrorReportsTab.tsx:13:67)

[90mstdout[2m | src/test/components/AdminPanel.test.tsx[2m > [22m[2mAdminPanel[2m > [22m[2mshould handle domain filter with all options
[22m[39mFiltre appliqu├®: {
  selectedLevel: [32m'ALL'[39m,
  selectedDomain: [32m'ALL'[39m,
  searchTerm: [32m''[39m,
  total: [33m2[39m
}

[90mstdout[2m | src/test/components/AdminPanel.test.tsx[2m > [22m[2mAdminPanel[2m > [22m[2mshould handle domain filter with all options
[22m[39mFiltre appliqu├®: {
  selectedLevel: [32m'ALL'[39m,
  selectedDomain: [32m'Calcul mental'[39m,
  searchTerm: [32m''[39m,
  total: [33m1[39m
}
Filtre appliqu├®: {
  selectedLevel: [32m'ALL'[39m,
  selectedDomain: [32m'Arithm├®tique'[39m,
  searchTerm: [32m''[39m,
  total: [33m1[39m
}
Filtre appliqu├®: {
  selectedLevel: [32m'ALL'[39m,
  selectedDomain: [32m'G├®om├®trie'[39m,
  searchTerm: [32m''[39m,
  total: [33m0[39m
}
Filtre appliqu├®: {
  selectedLevel: [32m'ALL'[39m,
  selectedDomain: [32m'ALL'[39m,
  searchTerm: [32m''[39m,
  total: [33m2[39m
}

[90mstdout[2m | src/test/components/AdminPanel.test.tsx[2m > [22m[2mAdminPanel[2m > [22m[2mshould handle search input with various queries
[22m[39mFiltre appliqu├®: {
  selectedLevel: [32m'ALL'[39m,
  selectedDomain: [32m'ALL'[39m,
  searchTerm: [32m''[39m,
  total: [33m0[39m
}
­ƒôï Questions charg├®es: [33m2[39m questions
­ƒöì Premiers IDs: [ [32m'q1'[39m, [32m'q2'[39m ]
­ƒôè Domaines uniques: [ [32m'Calcul mental'[39m, [32m'Arithm├®tique'[39m ]

[90mstdout[2m | src/test/components/AdminPanel.test.tsx[2m > [22m[2mAdminPanel[2m > [22m[2mshould handle search input with various queries
[22m[39mFiltre appliqu├®: {
  selectedLevel: [32m'ALL'[39m,
  selectedDomain: [32m'ALL'[39m,
  searchTerm: [32m''[39m,
  total: [33m2[39m
}

 [32mÔ£ô[39m src/test/components/ErrorReportsTab.test.tsx [2m([22m[2m47 tests[22m[2m)[22m[33m 2009[2mms[22m[39m
     [33m[2mÔ£ô[22m[39m toggles report selection [33m 396[2mms[22m[39m
[90mstdout[2m | src/test/components/AdminPanel.test.tsx[2m > [22m[2mAdminPanel[2m > [22m[2mshould handle search input with various queries
[22m[39mFiltre appliqu├®: {
  selectedLevel: [32m'ALL'[39m,
  selectedDomain: [32m'ALL'[39m,
  searchTerm: [32m'test'[39m,
  total: [33m0[39m
}
Filtre appliqu├®: {
  selectedLevel: [32m'ALL'[39m,
  selectedDomain: [32m'ALL'[39m,
  searchTerm: [32m'2+3'[39m,
  total: [33m0[39m
}
Filtre appliqu├®: {
  selectedLevel: [32m'ALL'[39m,
  selectedDomain: [32m'ALL'[39m,
  searchTerm: [32m'calcul'[39m,
  total: [33m0[39m
}
Filtre appliqu├®: {
  selectedLevel: [32m'ALL'[39m,
  selectedDomain: [32m'ALL'[39m,
  searchTerm: [32m''[39m,
  total: [33m2[39m
}
Filtre appliqu├®: {
  selectedLevel: [32m'ALL'[39m,
  selectedDomain: [32m'ALL'[39m,
  searchTerm: [32m'123'[39m,
  total: [33m0[39m
}

[90mstdout[2m | src/test/components/AdminPanel.test.tsx[2m > [22m[2mAdminPanel[2m > [22m[2mshould handle checkbox toggle for correct only filter
[22m[39mFiltre appliqu├®: {
  selectedLevel: [32m'ALL'[39m,
  selectedDomain: [32m'ALL'[39m,
  searchTerm: [32m''[39m,
  total: [33m0[39m
}
­ƒôï Questions charg├®es: [33m2[39m questions
­ƒöì Premiers IDs: [ [32m'q1'[39m, [32m'q2'[39m ]
­ƒôè Domaines uniques: [ [32m'Calcul mental'[39m, [32m'Arithm├®tique'[39m ]

[90mstdout[2m | src/test/components/AdminPanel.test.tsx[2m > [22m[2mAdminPanel[2m > [22m[2mshould handle checkbox toggle for correct only filter
[22m[39mFiltre appliqu├®: {
  selectedLevel: [32m'ALL'[39m,
  selectedDomain: [32m'ALL'[39m,
  searchTerm: [32m''[39m,
  total: [33m2[39m
}

 [32mÔ£ô[39m src/test/components/QuickChallenge.test.tsx [2m([22m[2m56 tests[22m[2m)[22m[33m 1643[2mms[22m[39m
[90mstdout[2m | src/test/components/AdminPanel.test.tsx[2m > [22m[2mAdminPanel[2m > [22m[2mshould combine multiple filters simultaneously
[22m[39mFiltre appliqu├®: {
  selectedLevel: [32m'ALL'[39m,
  selectedDomain: [32m'ALL'[39m,
  searchTerm: [32m''[39m,
  total: [33m0[39m
}
­ƒôï Questions charg├®es: [33m2[39m questions
­ƒöì Premiers IDs: [ [32m'q1'[39m, [32m'q2'[39m ]
­ƒôè Domaines uniques: [ [32m'Calcul mental'[39m, [32m'Arithm├®tique'[39m ]

[90mstdout[2m | src/test/components/AdminPanel.test.tsx[2m > [22m[2mAdminPanel[2m > [22m[2mshould combine multiple filters simultaneously
[22m[39mFiltre appliqu├®: {
  selectedLevel: [32m'ALL'[39m,
  selectedDomain: [32m'ALL'[39m,
  searchTerm: [32m''[39m,
  total: [33m2[39m
}

[90mstdout[2m | src/test/components/AdminPanel.test.tsx[2m > [22m[2mAdminPanel[2m > [22m[2mshould combine multiple filters simultaneously
[22m[39mFiltre appliqu├®: {
  selectedLevel: [32m'CE1'[39m,
  selectedDomain: [32m'ALL'[39m,
  searchTerm: [32m''[39m,
  total: [33m1[39m
}
Filtre appliqu├®: {
  selectedLevel: [32m'CE1'[39m,
  selectedDomain: [32m'Calcul mental'[39m,
  searchTerm: [32m''[39m,
  total: [33m1[39m
}
Filtre appliqu├®: {
  selectedLevel: [32m'CE1'[39m,
  selectedDomain: [32m'Calcul mental'[39m,
  searchTerm: [32m'search term'[39m,
  total: [33m0[39m
}

[90mstdout[2m | src/test/components/AdminPanel.test.tsx[2m > [22m[2mAdminPanel[2m > [22m[2mshould handle filter reset workflow
[22m[39mFiltre appliqu├®: {
  selectedLevel: [32m'ALL'[39m,
  selectedDomain: [32m'ALL'[39m,
  searchTerm: [32m''[39m,
  total: [33m0[39m
}
­ƒôï Questions charg├®es: [33m2[39m questions
­ƒöì Premiers IDs: [ [32m'q1'[39m, [32m'q2'[39m ]
­ƒôè Domaines uniques: [ [32m'Calcul mental'[39m, [32m'Arithm├®tique'[39m ]

[90mstdout[2m | src/test/components/AdminPanel.test.tsx[2m > [22m[2mAdminPanel[2m > [22m[2mshould handle filter reset workflow
[22m[39mFiltre appliqu├®: {
  selectedLevel: [32m'ALL'[39m,
  selectedDomain: [32m'ALL'[39m,
  searchTerm: [32m''[39m,
  total: [33m2[39m
}

[90mstdout[2m | src/test/components/AdminPanel.test.tsx[2m > [22m[2mAdminPanel[2m > [22m[2mshould handle filter reset workflow
[22m[39mFiltre appliqu├®: {
  selectedLevel: [32m'CM1'[39m,
  selectedDomain: [32m'ALL'[39m,
  searchTerm: [32m''[39m,
  total: [33m0[39m
}
Filtre appliqu├®: {
  selectedLevel: [32m'CM1'[39m,
  selectedDomain: [32m'G├®om├®trie'[39m,
  searchTerm: [32m''[39m,
  total: [33m0[39m
}
Filtre appliqu├®: {
  selectedLevel: [32m'ALL'[39m,
  selectedDomain: [32m'G├®om├®trie'[39m,
  searchTerm: [32m''[39m,
  total: [33m0[39m
}
Filtre appliqu├®: {
  selectedLevel: [32m'ALL'[39m,
  selectedDomain: [32m'ALL'[39m,
  searchTerm: [32m''[39m,
  total: [33m2[39m
}

[90mstdout[2m | src/test/components/AdminPanel.test.tsx[2m > [22m[2mAdminPanel[2m > [22m[2mshould handle rapid tab switching
[22m[39mFiltre appliqu├®: {
  selectedLevel: [32m'ALL'[39m,
  selectedDomain: [32m'ALL'[39m,
  searchTerm: [32m''[39m,
  total: [33m0[39m
}
­ƒôï Questions charg├®es: [33m2[39m questions
­ƒöì Premiers IDs: [ [32m'q1'[39m, [32m'q2'[39m ]
­ƒôè Domaines uniques: [ [32m'Calcul mental'[39m, [32m'Arithm├®tique'[39m ]

[90mstdout[2m | src/test/components/AdminPanel.test.tsx[2m > [22m[2mAdminPanel[2m > [22m[2mshould handle rapid tab switching
[22m[39mFiltre appliqu├®: {
  selectedLevel: [32m'ALL'[39m,
  selectedDomain: [32m'ALL'[39m,
  searchTerm: [32m''[39m,
  total: [33m2[39m
}

[90mstdout[2m | src/test/components/AdminPanel.test.tsx[2m > [22m[2mAdminPanel[2m > [22m[2mshould handle close button interaction
[22m[39mFiltre appliqu├®: {
  selectedLevel: [32m'ALL'[39m,
  selectedDomain: [32m'ALL'[39m,
  searchTerm: [32m''[39m,
  total: [33m0[39m
}
­ƒôï Questions charg├®es: [33m2[39m questions
­ƒöì Premiers IDs: [ [32m'q1'[39m, [32m'q2'[39m ]
­ƒôè Domaines uniques: [ [32m'Calcul mental'[39m, [32m'Arithm├®tique'[39m ]

[90mstdout[2m | src/test/components/AdminPanel.test.tsx[2m > [22m[2mAdminPanel[2m > [22m[2mshould handle close button interaction
[22m[39mFiltre appliqu├®: {
  selectedLevel: [32m'ALL'[39m,
  selectedDomain: [32m'ALL'[39m,
  searchTerm: [32m''[39m,
  total: [33m2[39m
}

 [32mÔ£ô[39m src/test/components/AdminPanel.test.tsx [2m([22m[2m69 tests[22m[2m)[22m[33m 2618[2mms[22m[39m
 [32mÔ£ô[39m src/test/components/QuizScreen.test.tsx [2m([22m[2m45 tests[22m[2m)[22m[33m 1491[2mms[22m[39m
[90mstderr[2m | src/test/components/App.test.tsx[2m > [22m[2mApp Component[2m > [22m[2mhandles errors during 
initialization gracefully
[22m[39mÔØî Erreur initialisation: Error: Init failed
    at C:/Users/lapin/OneDrive/Documents/Developpement/LapinouMath/src/test/components/App.test.tsx:641:34
    at [90mfile:///C:/Users/lapin/OneDrive/Documents/Developpement/LapinouMath/[39mnode_modules/[4m@vitest/runner[2
4m/dist/index.js:157:11
    at [90mfile:///C:/Users/lapin/OneDrive/Documents/Developpement/LapinouMath/[39mnode_modules/[4m@vitest/runner[2
4m/dist/index.js:753:26
    at [90mfile:///C:/Users/lapin/OneDrive/Documents/Developpement/LapinouMath/[39mnode_modules/[4m@vitest/runner[2
4m/dist/index.js:1636:20
    at new Promise (<anonymous>)
    at runWithTimeout [90m(file:///C:/Users/lapin/OneDrive/Documents/Developpement/LapinouMath/[39mnode_modules/[4m@
vitest/runner[24m/dist/index.js:1602:10[90m)[39m
    at runTest [90m(file:///C:/Users/lapin/OneDrive/Documents/Developpement/LapinouMath/[39mnode_modules/[4m@vitest/
runner[24m/dist/index.js:1309:12[90m)[39m
    at runSuite [90m(file:///C:/Users/lapin/OneDrive/Documents/Developpement/LapinouMath/[39mnode_modules/[4m@vitest
/runner[24m/dist/index.js:1468:8[90m)[39m
    at runSuite [90m(file:///C:/Users/lapin/OneDrive/Documents/Developpement/LapinouMath/[39mnode_modules/[4m@vitest
/runner[24m/dist/index.js:1468:8[90m)[39m
    at runFiles [90m(file:///C:/Users/lapin/OneDrive/Documents/Developpement/LapinouMath/[39mnode_modules/[4m@vitest
/runner[24m/dist/index.js:1526:3[90m)[39m

 [32mÔ£ô[39m src/test/utils/database-extended.test.ts [2m([22m[2m14 tests[22m[2m)[22m[33m 378[2mms[22m[39m
 [32mÔ£ô[39m src/test/components/App.test.tsx [2m([22m[2m46 tests[22m[2m)[22m[33m 855[2mms[22m[39m
[90mstderr[2m | src/test/components/ProfileSelection.test.tsx[2m > [22m[2mProfileSelection Component[2m > 
[22m[2mshould cancel profile creation
[22m[39mÔÜá´©Å Email automatique non envoy├® (rapport sauvegard├® en local): EmailJSResponseStatus {
  status: [33m403[39m,
  text: [32m'API calls are disabled for non-browser applications'[39m
}

 [32mÔ£ô[39m src/test/utils/database.test.ts [2m([22m[2m6 tests[22m[2m)[22m[32m 102[2mms[22m[39m
 [32mÔ£ô[39m src/test/utils/storage-extended.test.ts [2m([22m[2m17 tests[22m[2m)[22m[32m 93[2mms[22m[39m
 [32mÔ£ô[39m src/test/utils/storage.test.ts [2m([22m[2m6 tests[22m[2m)[22m[32m 22[2mms[22m[39m
[90mstderr[2m | src/test/components/ProfileSelection.test.tsx[2m > [22m[2mProfileSelection Component[2m > 
[22m[2mshould clear form after successful profile creation
[22m[39mÔÜá´©Å Email automatique non envoy├® (rapport sauvegard├® en local): EmailJSResponseStatus {
  status: [33m403[39m,
  text: [32m'API calls are disabled for non-browser applications'[39m
}

 [32mÔ£ô[39m src/test/components/AccessoryShop.test.tsx [2m([22m[2m9 tests[22m[2m)[22m[33m 3495[2mms[22m[39m
     [33m[2mÔ£ô[22m[39m renders close button and calls onClose when clicked [33m 2660[2mms[22m[39m
     [33m[2mÔ£ô[22m[39m displays locked accessories when stars are insufficient [33m 375[2mms[22m[39m
 [32mÔ£ô[39m src/test/components/ProfileSelection.test.tsx [2m([22m[2m13 tests[22m[2m)[22m[33m 616[2mms[22m[39m
     [33m[2mÔ£ô[22m[39m should create profile with name and level [33m 311[2mms[22m[39m
 [32mÔ£ô[39m src/test/utils/storage-advanced.test.ts [2m([22m[2m8 tests[22m[2m)[22m[32m 38[2mms[22m[39m
 [32mÔ£ô[39m src/test/data/accessories.test.ts [2m([22m[2m24 tests[22m[2m)[22m[32m 17[2mms[22m[39m
 [32mÔ£ô[39m src/test/data/questions.test.ts [2m([22m[2m7 tests[22m[2m)[22m[32m 15[2mms[22m[39m
 [32mÔ£ô[39m src/components/interactive/__tests__/interactiveQuestionBuilders.test.ts [2m([22m[2m17 tests[22m[2m)[22m[32m 11[2mms[22m[39m
[90mstdout[2m | src/test/utils/questionStats.test.ts
[22m[39m­ƒôè Statistiques des questions LapinouMath:
Total: 4645 questions

Par niveau:
  CE1: 341 questions
  CE2: 781 questions
  CM1: 787 questions
  CM2: 744 questions
  6├¿me: 704 questions
  5├¿me: 702 questions
  4├¿me: 586 questions

Par domaine:
  Calcul mental: 728 questions
  Arithm├®tique: 751 questions
  G├®om├®trie: 726 questions
  Fractions/D├®cimaux: 582 questions
  Mesures: 551 questions
  Probl├¿mes/Alg├¿bre: 587 questions
  Kangourou: 700 questions
  Proportions: 20 questions

 [32mÔ£ô[39m src/test/utils/storage-complete.test.ts [2m([22m[2m7 tests[22m[2m)[22m[32m 5[2mms[22m[39m
 [32mÔ£ô[39m src/test/utils/excelExport.test.ts [2m([22m[2m13 tests[22m[2m)[22m[32m 6[2mms[22m[39m
 [32mÔ£ô[39m src/test/utils/questionStats.test.ts [2m([22m[2m8 tests[22m[2m)[22m[32m 13[2mms[22m[39m
 [32mÔ£ô[39m src/test/components/Dashboard.test.tsx [2m([22m[2m24 tests[22m[2m)[22m[33m 703[2mms[22m[39m
 [32mÔ£ô[39m src/test/components/RabbitAvatar.test.tsx [2m([22m[2m37 tests[22m[2m)[22m[33m 831[2mms[22m[39m
 [32mÔ£ô[39m src/test/components/RabbitShop.test.tsx [2m([22m[2m53 tests[22m[2m)[22m[33m 4140[2mms[22m[39m
     [33m[2mÔ£ô[22m[39m handles accessory selection [33m 1059[2mms[22m[39m
     [33m[2mÔ£ô[22m[39m displays shop with various star amounts [33m 310[2mms[22m[39m
     [33m[2mÔ£ô[22m[39m should display accessory grid and click items [33m 304[2mms[22m[39m

[2m Test Files [22m [1m[32m22 passed[39m[22m[90m (22)[39m
[2m      Tests [22m [1m[32m583 passed[39m[22m[90m (583)[39m
[2m   Start at [22m 19:32:20
[2m   Duration [22m 9.00s[2m (transform 3.21s, setup 4.01s, collect 8.16s, tests 20.89s, environment 46.60s, prepare 788ms)[22m

[34m % [39m[2mCoverage report from [22m[33mv8[39m
-------------------|---------|----------|---------|---------|-------------------
File               | % Stmts | % Branch | % Funcs | % Lines | Uncovered Line #s 
-------------------|---------|----------|---------|---------|-------------------
All files          |   73.17 |    58.89 |   72.12 |    74.3 |                   
 src               |   62.28 |    55.55 |   54.54 |   62.83 |                   
  App.tsx          |   62.28 |    55.55 |   54.54 |   62.83 | ...93,198,216-266 
 src/components    |   71.73 |    61.37 |   68.68 |   73.27 |                   
  ...ssoryShop.tsx |     100 |     87.5 |     100 |     100 | 24,34,130         
  AdminPanel.tsx   |   65.06 |    40.98 |   65.78 |      64 | ...65-167,279-366 
  Dashboard.tsx    |   82.75 |    77.77 |   71.42 |   82.75 | 43-44,142,208,280 
  ...eportsTab.tsx |   83.13 |    71.42 |   88.23 |   85.52 | ...,77-79,116-121 
  ...Selection.tsx |     100 |      100 |     100 |     100 |                   
  ...ortExport.tsx |   34.61 |     4.16 |   28.57 |   37.11 | ...30-223,279-302 
  ...Challenge.tsx |   78.81 |    65.38 |      72 |   80.55 | ...51,275,281,287 
  QuizScreen.tsx   |   80.68 |    76.56 |   57.89 |   84.81 | ...24,167,255,321 
  RabbitAvatar.tsx |   84.44 |    92.68 |      80 |    87.5 | 285-287,481-482   
  RabbitShop.tsx   |   66.66 |    72.85 |   52.17 |   67.05 | ...71-326,404-408 
 ...ts/interactive |    8.23 |        0 |   26.08 |    9.45 |                   
  ...tryCanvas.tsx |    1.26 |        0 |       0 |    1.47 | 28-239            
  ...onBuilders.ts |     100 |      100 |     100 |     100 |                   
 src/data          |   96.05 |    90.98 |   98.09 |    96.2 |                   
  accessories.ts   |   95.65 |    85.71 |     100 |     100 | 247,277           
  constants.ts     |     100 |      100 |     100 |     100 |                   
  ...dQuestions.ts |     100 |      100 |     100 |     100 |                   
  ...ryAdvanced.ts |     100 |    97.14 |     100 |     100 | 45                
  ...eometryCE2.ts |     100 |      100 |     100 |     100 |                   
  ...E2Extended.ts |     100 |     87.5 |     100 |     100 | 157               
  ...eometryCM1.ts |     100 |      100 |     100 |     100 |                   
  ...uQuestions.ts |     100 |      100 |     100 |     100 |                   
  questions.ts     |   89.92 |    58.82 |   97.59 |    89.6 | ...35,246-247,287 
  ...onsByLevel.ts |     100 |      100 |     100 |     100 |                   
  ...E2Detailed.ts |     100 |      100 |     100 |     100 |                   
  ...2Detailed2.ts |     100 |      100 |     100 |     100 |                   
  ...M1Detailed.ts |     100 |      100 |     100 |     100 |                   
  ...1Detailed2.ts |     100 |      100 |     100 |     100 |                   
  ...M2Detailed.ts |     100 |      100 |     100 |     100 |                   
  ...2Detailed2.ts |     100 |      100 |     100 |     100 |                   
  ...meDetailed.ts |     100 |      100 |     100 |     100 |                   
  ...eDetailed2.ts |     100 |      100 |     100 |     100 |                   
  questionsHard.ts |     100 |      100 |     100 |     100 |                   
  ...erDetailed.ts |     100 |      100 |     100 |     100 |                   
  ...rDetailed2.ts |     100 |      100 |     100 |     100 |                   
  ...meDetailed.ts |     100 |      100 |     100 |     100 |                   
  ...eDetailed2.ts |     100 |      100 |     100 |     100 |                   
 src/styles        |       0 |        0 |       0 |       0 |                   
  ...eportsTab.css |       0 |        0 |       0 |       0 |                   
 src/utils         |   69.89 |    53.27 |   63.63 |   71.42 |                   
  database.ts      |   59.15 |     12.5 |   51.02 |   61.53 | ...82,230,236-243 
  excelExport.ts   |   73.68 |    72.34 |   81.81 |   75.51 | ...91,107,119-128 
  questionStats.ts |   96.15 |       80 |     100 |   96.15 | 31                
  storage.ts       |   79.68 |       72 |    87.5 |   78.68 | 13-39,53          
-------------------|---------|----------|---------|---------|-------------------
